13:25:28 **** Incremental Build of configuration Debug for project bootloader ****
make -j16 all 
arm-none-eabi-gcc "../Core/Src/freertos.c" -mcpu=cortex-m7 -std=gnu11 -g3 -DDEBUG -DUSE_HAL_DRIVER -DSTM32F767xx -c -I../Core/Inc -I../Drivers/STM32F7xx_HAL_Driver/Inc -I../Drivers/STM32F7xx_HAL_Driver/Inc/Legacy -I../Drivers/CMSIS/Device/ST/STM32F7xx/Include -I../Drivers/CMSIS/Include -I../LWIP/App -I../LWIP/Target -I../Middlewares/Third_Party/LwIP/src/include -I../Middlewares/Third_Party/LwIP/system -I../Middlewares/Third_Party/FreeRTOS/Source/include -I../Middlewares/Third_Party/FreeRTOS/Source/CMSIS_RTOS -I../Middlewares/Third_Party/FreeRTOS/Source/portable/GCC/ARM_CM7/r0p1 -I../Drivers/BSP/Components/lan8742 -I../Middlewares/Third_Party/LwIP/src/include/netif/ppp -I../Middlewares/Third_Party/LwIP/src/include/lwip -I../Middlewares/Third_Party/LwIP/src/include/lwip/apps -I../Middlewares/Third_Party/LwIP/src/include/lwip/priv -I../Middlewares/Third_Party/LwIP/src/include/lwip/prot -I../Middlewares/Third_Party/LwIP/src/include/netif -I../Middlewares/Third_Party/LwIP/src/include/compat/posix -I../Middlewares/Third_Party/LwIP/src/include/compat/posix/arpa -I../Middlewares/Third_Party/LwIP/src/include/compat/posix/net -I../Middlewares/Third_Party/LwIP/src/include/compat/posix/sys -I../Middlewares/Third_Party/LwIP/src/include/compat/stdc -I../Middlewares/Third_Party/LwIP/system/arch -O0 -ffunction-sections -fdata-sections -Wall -fstack-usage -fcyclomatic-complexity -MMD -MP -MF"Core/Src/freertos.d" -MT"Core/Src/freertos.o" --specs=nano.specs -mfpu=fpv5-d16 -mfloat-abi=hard -mthumb -o "Core/Src/freertos.o"
arm-none-eabi-gcc "../Core/Src/iap.c" -mcpu=cortex-m7 -std=gnu11 -g3 -DDEBUG -DUSE_HAL_DRIVER -DSTM32F767xx -c -I../Core/Inc -I../Drivers/STM32F7xx_HAL_Driver/Inc -I../Drivers/STM32F7xx_HAL_Driver/Inc/Legacy -I../Drivers/CMSIS/Device/ST/STM32F7xx/Include -I../Drivers/CMSIS/Include -I../LWIP/App -I../LWIP/Target -I../Middlewares/Third_Party/LwIP/src/include -I../Middlewares/Third_Party/LwIP/system -I../Middlewares/Third_Party/FreeRTOS/Source/include -I../Middlewares/Third_Party/FreeRTOS/Source/CMSIS_RTOS -I../Middlewares/Third_Party/FreeRTOS/Source/portable/GCC/ARM_CM7/r0p1 -I../Drivers/BSP/Components/lan8742 -I../Middlewares/Third_Party/LwIP/src/include/netif/ppp -I../Middlewares/Third_Party/LwIP/src/include/lwip -I../Middlewares/Third_Party/LwIP/src/include/lwip/apps -I../Middlewares/Third_Party/LwIP/src/include/lwip/priv -I../Middlewares/Third_Party/LwIP/src/include/lwip/prot -I../Middlewares/Third_Party/LwIP/src/include/netif -I../Middlewares/Third_Party/LwIP/src/include/compat/posix -I../Middlewares/Third_Party/LwIP/src/include/compat/posix/arpa -I../Middlewares/Third_Party/LwIP/src/include/compat/posix/net -I../Middlewares/Third_Party/LwIP/src/include/compat/posix/sys -I../Middlewares/Third_Party/LwIP/src/include/compat/stdc -I../Middlewares/Third_Party/LwIP/system/arch -O0 -ffunction-sections -fdata-sections -Wall -fstack-usage -fcyclomatic-complexity -MMD -MP -MF"Core/Src/iap.d" -MT"Core/Src/iap.o" --specs=nano.specs -mfpu=fpv5-d16 -mfloat-abi=hard -mthumb -o "Core/Src/iap.o"
arm-none-eabi-gcc "../Core/Src/services.c" -mcpu=cortex-m7 -std=gnu11 -g3 -DDEBUG -DUSE_HAL_DRIVER -DSTM32F767xx -c -I../Core/Inc -I../Drivers/STM32F7xx_HAL_Driver/Inc -I../Drivers/STM32F7xx_HAL_Driver/Inc/Legacy -I../Drivers/CMSIS/Device/ST/STM32F7xx/Include -I../Drivers/CMSIS/Include -I../LWIP/App -I../LWIP/Target -I../Middlewares/Third_Party/LwIP/src/include -I../Middlewares/Third_Party/LwIP/system -I../Middlewares/Third_Party/FreeRTOS/Source/include -I../Middlewares/Third_Party/FreeRTOS/Source/CMSIS_RTOS -I../Middlewares/Third_Party/FreeRTOS/Source/portable/GCC/ARM_CM7/r0p1 -I../Drivers/BSP/Components/lan8742 -I../Middlewares/Third_Party/LwIP/src/include/netif/ppp -I../Middlewares/Third_Party/LwIP/src/include/lwip -I../Middlewares/Third_Party/LwIP/src/include/lwip/apps -I../Middlewares/Third_Party/LwIP/src/include/lwip/priv -I../Middlewares/Third_Party/LwIP/src/include/lwip/prot -I../Middlewares/Third_Party/LwIP/src/include/netif -I../Middlewares/Third_Party/LwIP/src/include/compat/posix -I../Middlewares/Third_Party/LwIP/src/include/compat/posix/arpa -I../Middlewares/Third_Party/LwIP/src/include/compat/posix/net -I../Middlewares/Third_Party/LwIP/src/include/compat/posix/sys -I../Middlewares/Third_Party/LwIP/src/include/compat/stdc -I../Middlewares/Third_Party/LwIP/system/arch -O0 -ffunction-sections -fdata-sections -Wall -fstack-usage -fcyclomatic-complexity -MMD -MP -MF"Core/Src/services.d" -MT"Core/Src/services.o" --specs=nano.specs -mfpu=fpv5-d16 -mfloat-abi=hard -mthumb -o "Core/Src/services.o"
../Core/Src/services.c: In function 'requestDownload':
../Core/Src/services.c:79:98: warning: '<<' in boolean context, did you mean '<'? [-Wint-in-bool-context]
   79 |         uint32_t filesize = (uint32_t)( ((uint32_t)(data[0]) && 0x000000FF) | ((uint32_t)(data[1]<<8) && 0x0000FF00)
      |                                                                                          ~~~~~~~~^~~~
../Core/Src/services.c:80:62: warning: '<<' in boolean context, did you mean '<'? [-Wint-in-bool-context]
   80 |                                         | ((uint32_t)(data[2]<<16) && 0x00FF0000) | ((uint32_t)(data[1]<<24) && 0xFF000000) );
      |                                                      ~~~~~~~~^~~~~
../Core/Src/services.c:80:104: warning: '<<' in boolean context, did you mean '<'? [-Wint-in-bool-context]
   80 |                                         | ((uint32_t)(data[2]<<16) && 0x00FF0000) | ((uint32_t)(data[1]<<24) && 0xFF000000) );
      |                                                                                                ~~~~~~~~^~~~~
../Core/Src/services.c:81:9: warning: implicit declaration of function 'printf' [-Wimplicit-function-declaration]
   81 |         printf("34 request download file size: %d\r\n", filesize);
      |         ^~~~~~
../Core/Src/services.c:7:1: note: include '<stdio.h>' or provide a declaration of 'printf'
    6 | #include <string.h>
  +++ |+#include <stdio.h>
    7 | 
../Core/Src/services.c:81:9: warning: incompatible implicit declaration of built-in function 'printf' [-Wbuiltin-declaration-mismatch]
   81 |         printf("34 request download file size: %d\r\n", filesize);
      |         ^~~~~~
../Core/Src/services.c:81:9: note: include '<stdio.h>' or provide a declaration of 'printf'
../Core/Src/services.c:81:49: warning: format '%d' expects argument of type 'int', but argument 2 has type 'uint32_t' {aka 'long unsigned int'} [-Wformat=]
   81 |         printf("34 request download file size: %d\r\n", filesize);
      |                                                ~^       ~~~~~~~~
      |                                                 |       |
      |                                                 int     uint32_t {aka long unsigned int}
      |                                                %ld
../Core/Src/services.c: In function 'transfer':
../Core/Src/services.c:108:97: warning: '<<' in boolean context, did you mean '<'? [-Wint-in-bool-context]
  108 |         uint32_t packnum = (uint32_t)( ((uint32_t)(data[0]) && 0x000000FF) | ((uint32_t)(data[1]<<8) && 0x0000FF00)
      |                                                                                         ~~~~~~~~^~~~
../Core/Src/services.c:109:62: warning: '<<' in boolean context, did you mean '<'? [-Wint-in-bool-context]
  109 |                                         | ((uint32_t)(data[2]<<16) && 0x00FF0000) | ((uint32_t)(data[1]<<24) && 0xFF000000) );
      |                                                      ~~~~~~~~^~~~~
../Core/Src/services.c:109:104: warning: '<<' in boolean context, did you mean '<'? [-Wint-in-bool-context]
  109 |                                         | ((uint32_t)(data[2]<<16) && 0x00FF0000) | ((uint32_t)(data[1]<<24) && 0xFF000000) );
      |                                                                                                ~~~~~~~~^~~~~
../Core/Src/services.c:123:15: warning: incompatible implicit declaration of built-in function 'printf' [-Wbuiltin-declaration-mismatch]
  123 |               printf("Failed  to  send  item  to  the  queue\r\n");
      |               ^~~~~~
../Core/Src/services.c:123:15: note: include '<stdio.h>' or provide a declaration of 'printf'
../Core/Src/services.c:108:18: warning: unused variable 'packnum' [-Wunused-variable]
  108 |         uint32_t packnum = (uint32_t)( ((uint32_t)(data[0]) && 0x000000FF) | ((uint32_t)(data[1]<<8) && 0x0000FF00)
      |                  ^~~~~~~
../Core/Src/freertos.c: In function 'StartTask02':
../Core/Src/freertos.c:194:7: warning: variable 'sock' set but not used [-Wunused-but-set-variable]
  194 |   int sock = 0;
      |       ^~~~
../Core/Src/freertos.c: In function 'tcp_server':
../Core/Src/freertos.c:257:10: warning: unused variable 'i' [-Wunused-variable]
  257 |     int  i,  new_sock;
      |          ^
../Core/Src/freertos.c: In function 'StartTask03':
../Core/Src/freertos.c:354:24: warning: pointer targets in passing argument 2 of 'analysisErr' differ in signedness [-Wpointer-sign]
  354 |       analysisErr(err, errstr, 30);
      |                        ^~~~~~
      |                        |
      |                        char *
In file included from ../Core/Src/freertos.c:35:
../Core/Inc/services.h:32:43: note: expected 'uint8_t *' {aka 'unsigned char *'} but argument is of type 'char *'
   32 | void analysisErr(errorCode code, uint8_t *buf, int len);
      |                                  ~~~~~~~~~^~~
arm-none-eabi-gcc -o "bootloader.elf" @"objects.list"   -mcpu=cortex-m7 -T"C:\my_workspace\stm32_ws\IAP_boot_lwip\bootloader\STM32F767IGTX_FLASH.ld" --specs=nosys.specs -Wl,-Map="bootloader.map" -Wl,--gc-sections -static --specs=nano.specs -mfpu=fpv5-d16 -mfloat-abi=hard -mthumb -Wl,--start-group -lc -lm -Wl,--end-group
Finished building target: bootloader.elf
 
arm-none-eabi-size  bootloader.elf 
arm-none-eabi-objdump -h -S bootloader.elf  > "bootloader.list"
arm-none-eabi-objcopy  -O ihex bootloader.elf  "bootloader.hex"
arm-none-eabi-objcopy  -O binary bootloader.elf  "bootloader.bin"
   text	   data	    bss	    dec	    hex	filename
 130356	    468	 266676	 397500	  610bc	bootloader.elf
Finished building: default.size.stdout
 
Finished building: bootloader.bin
Finished building: bootloader.hex
 
 
Finished building: bootloader.list
 
13:43:51 **** Incremental Build of configuration Debug for project bootloader ****
make -j16 all 
arm-none-eabi-size  bootloader.elf 
   text	   data	    bss	    dec	    hex	filename
 130356	    468	 266676	 397500	  610bc	bootloader.elf
Finished building: default.size.stdout
 
13:46:08 **** Incremental Build of configuration Debug for project bootloader ****
make -j16 all 
arm-none-eabi-size  bootloader.elf 
   text	   data	    bss	    dec	    hex	filename
 130356	    468	 266676	 397500	  610bc	bootloader.elf
Finished building: default.size.stdout
 
13:47:23 **** Incremental Build of configuration Debug for project bootloader ****
make -j16 all 
arm-none-eabi-size  bootloader.elf 
   text	   data	    bss	    dec	    hex	filename
 130356	    468	 266676	 397500	  610bc	bootloader.elf
Finished building: default.size.stdout
 
13:51:07 **** Incremental Build of configuration Debug for project bootloader ****
make -j16 all 
arm-none-eabi-gcc "../Core/Src/freertos.c" -mcpu=cortex-m7 -std=gnu11 -g3 -DDEBUG -DUSE_HAL_DRIVER -DSTM32F767xx -c -I../Core/Inc -I../Drivers/STM32F7xx_HAL_Driver/Inc -I../Drivers/STM32F7xx_HAL_Driver/Inc/Legacy -I../Drivers/CMSIS/Device/ST/STM32F7xx/Include -I../Drivers/CMSIS/Include -I../LWIP/App -I../LWIP/Target -I../Middlewares/Third_Party/LwIP/src/include -I../Middlewares/Third_Party/LwIP/system -I../Middlewares/Third_Party/FreeRTOS/Source/include -I../Middlewares/Third_Party/FreeRTOS/Source/CMSIS_RTOS -I../Middlewares/Third_Party/FreeRTOS/Source/portable/GCC/ARM_CM7/r0p1 -I../Drivers/BSP/Components/lan8742 -I../Middlewares/Third_Party/LwIP/src/include/netif/ppp -I../Middlewares/Third_Party/LwIP/src/include/lwip -I../Middlewares/Third_Party/LwIP/src/include/lwip/apps -I../Middlewares/Third_Party/LwIP/src/include/lwip/priv -I../Middlewares/Third_Party/LwIP/src/include/lwip/prot -I../Middlewares/Third_Party/LwIP/src/include/netif -I../Middlewares/Third_Party/LwIP/src/include/compat/posix -I../Middlewares/Third_Party/LwIP/src/include/compat/posix/arpa -I../Middlewares/Third_Party/LwIP/src/include/compat/posix/net -I../Middlewares/Third_Party/LwIP/src/include/compat/posix/sys -I../Middlewares/Third_Party/LwIP/src/include/compat/stdc -I../Middlewares/Third_Party/LwIP/system/arch -O0 -ffunction-sections -fdata-sections -Wall -fstack-usage -fcyclomatic-complexity -MMD -MP -MF"Core/Src/freertos.d" -MT"Core/Src/freertos.o" --specs=nano.specs -mfpu=fpv5-d16 -mfloat-abi=hard -mthumb -o "Core/Src/freertos.o"
../Core/Src/freertos.c: In function 'tcp_server':
../Core/Src/freertos.c:259:10: warning: unused variable 'i' [-Wunused-variable]
  259 |     int  i,  new_sock;
      |          ^
../Core/Src/freertos.c: In function 'StartTask03':
../Core/Src/freertos.c:356:24: warning: pointer targets in passing argument 2 of 'analysisErr' differ in signedness [-Wpointer-sign]
  356 |       analysisErr(err, errstr, 30);
      |                        ^~~~~~
      |                        |
      |                        char *
In file included from ../Core/Src/freertos.c:35:
../Core/Inc/services.h:32:43: note: expected 'uint8_t *' {aka 'unsigned char *'} but argument is of type 'char *'
   32 | void analysisErr(errorCode code, uint8_t *buf, int len);
      |                                  ~~~~~~~~~^~~
arm-none-eabi-gcc -o "bootloader.elf" @"objects.list"   -mcpu=cortex-m7 -T"C:\my_workspace\stm32_ws\IAP_boot_lwip\bootloader\STM32F767IGTX_FLASH.ld" --specs=nosys.specs -Wl,-Map="bootloader.map" -Wl,--gc-sections -static --specs=nano.specs -mfpu=fpv5-d16 -mfloat-abi=hard -mthumb -Wl,--start-group -lc -lm -Wl,--end-group
Finished building target: bootloader.elf
 
arm-none-eabi-size  bootloader.elf 
arm-none-eabi-objdump -h -S bootloader.elf  > "bootloader.list"
arm-none-eabi-objcopy  -O ihex bootloader.elf  "bootloader.hex"
arm-none-eabi-objcopy  -O binary bootloader.elf  "bootloader.bin"
   text	   data	    bss	    dec	    hex	filename
 122560	    468	 266676	 389704	  5f248	bootloader.elf
Finished building: default.size.stdout
 
Finished building: bootloader.hex
Finished building: bootloader.bin
 
 
Finished building: bootloader.list
 
13:53:26 **** Incremental Build of configuration Debug for project bootloader ****
make -j16 all 
arm-none-eabi-gcc "../Core/Src/freertos.c" -mcpu=cortex-m7 -std=gnu11 -g3 -DDEBUG -DUSE_HAL_DRIVER -DSTM32F767xx -c -I../Core/Inc -I../Drivers/STM32F7xx_HAL_Driver/Inc -I../Drivers/STM32F7xx_HAL_Driver/Inc/Legacy -I../Drivers/CMSIS/Device/ST/STM32F7xx/Include -I../Drivers/CMSIS/Include -I../LWIP/App -I../LWIP/Target -I../Middlewares/Third_Party/LwIP/src/include -I../Middlewares/Third_Party/LwIP/system -I../Middlewares/Third_Party/FreeRTOS/Source/include -I../Middlewares/Third_Party/FreeRTOS/Source/CMSIS_RTOS -I../Middlewares/Third_Party/FreeRTOS/Source/portable/GCC/ARM_CM7/r0p1 -I../Drivers/BSP/Components/lan8742 -I../Middlewares/Third_Party/LwIP/src/include/netif/ppp -I../Middlewares/Third_Party/LwIP/src/include/lwip -I../Middlewares/Third_Party/LwIP/src/include/lwip/apps -I../Middlewares/Third_Party/LwIP/src/include/lwip/priv -I../Middlewares/Third_Party/LwIP/src/include/lwip/prot -I../Middlewares/Third_Party/LwIP/src/include/netif -I../Middlewares/Third_Party/LwIP/src/include/compat/posix -I../Middlewares/Third_Party/LwIP/src/include/compat/posix/arpa -I../Middlewares/Third_Party/LwIP/src/include/compat/posix/net -I../Middlewares/Third_Party/LwIP/src/include/compat/posix/sys -I../Middlewares/Third_Party/LwIP/src/include/compat/stdc -I../Middlewares/Third_Party/LwIP/system/arch -O0 -ffunction-sections -fdata-sections -Wall -fstack-usage -fcyclomatic-complexity -MMD -MP -MF"Core/Src/freertos.d" -MT"Core/Src/freertos.o" --specs=nano.specs -mfpu=fpv5-d16 -mfloat-abi=hard -mthumb -o "Core/Src/freertos.o"
../Core/Src/freertos.c: In function 'tcp_server':
../Core/Src/freertos.c:259:10: warning: unused variable 'i' [-Wunused-variable]
  259 |     int  i,  new_sock;
      |          ^
../Core/Src/freertos.c: In function 'StartTask03':
../Core/Src/freertos.c:357:24: warning: pointer targets in passing argument 2 of 'analysisErr' differ in signedness [-Wpointer-sign]
  357 |       analysisErr(err, errstr, 30);
      |                        ^~~~~~
      |                        |
      |                        char *
In file included from ../Core/Src/freertos.c:35:
../Core/Inc/services.h:32:43: note: expected 'uint8_t *' {aka 'unsigned char *'} but argument is of type 'char *'
   32 | void analysisErr(errorCode code, uint8_t *buf, int len);
      |                                  ~~~~~~~~~^~~
arm-none-eabi-gcc -o "bootloader.elf" @"objects.list"   -mcpu=cortex-m7 -T"C:\my_workspace\stm32_ws\IAP_boot_lwip\bootloader\STM32F767IGTX_FLASH.ld" --specs=nosys.specs -Wl,-Map="bootloader.map" -Wl,--gc-sections -static --specs=nano.specs -mfpu=fpv5-d16 -mfloat-abi=hard -mthumb -Wl,--start-group -lc -lm -Wl,--end-group
Finished building target: bootloader.elf
 
arm-none-eabi-size  bootloader.elf 
arm-none-eabi-objdump -h -S bootloader.elf  > "bootloader.list"
arm-none-eabi-objcopy  -O ihex bootloader.elf  "bootloader.hex"
arm-none-eabi-objcopy  -O binary bootloader.elf  "bootloader.bin"
   text	   data	    bss	    dec	    hex	filename
 122580	    468	 266676	 389724	  5f25c	bootloader.elf
Finished building: default.size.stdout
 
Finished building: bootloader.hex
Finished building: bootloader.bin
 
 
Finished building: bootloader.list
 
13:55:05 **** Incremental Build of configuration Debug for project bootloader ****
make -j16 all 
arm-none-eabi-gcc "../Core/Src/freertos.c" -mcpu=cortex-m7 -std=gnu11 -g3 -DDEBUG -DUSE_HAL_DRIVER -DSTM32F767xx -c -I../Core/Inc -I../Drivers/STM32F7xx_HAL_Driver/Inc -I../Drivers/STM32F7xx_HAL_Driver/Inc/Legacy -I../Drivers/CMSIS/Device/ST/STM32F7xx/Include -I../Drivers/CMSIS/Include -I../LWIP/App -I../LWIP/Target -I../Middlewares/Third_Party/LwIP/src/include -I../Middlewares/Third_Party/LwIP/system -I../Middlewares/Third_Party/FreeRTOS/Source/include -I../Middlewares/Third_Party/FreeRTOS/Source/CMSIS_RTOS -I../Middlewares/Third_Party/FreeRTOS/Source/portable/GCC/ARM_CM7/r0p1 -I../Drivers/BSP/Components/lan8742 -I../Middlewares/Third_Party/LwIP/src/include/netif/ppp -I../Middlewares/Third_Party/LwIP/src/include/lwip -I../Middlewares/Third_Party/LwIP/src/include/lwip/apps -I../Middlewares/Third_Party/LwIP/src/include/lwip/priv -I../Middlewares/Third_Party/LwIP/src/include/lwip/prot -I../Middlewares/Third_Party/LwIP/src/include/netif -I../Middlewares/Third_Party/LwIP/src/include/compat/posix -I../Middlewares/Third_Party/LwIP/src/include/compat/posix/arpa -I../Middlewares/Third_Party/LwIP/src/include/compat/posix/net -I../Middlewares/Third_Party/LwIP/src/include/compat/posix/sys -I../Middlewares/Third_Party/LwIP/src/include/compat/stdc -I../Middlewares/Third_Party/LwIP/system/arch -O0 -ffunction-sections -fdata-sections -Wall -fstack-usage -fcyclomatic-complexity -MMD -MP -MF"Core/Src/freertos.d" -MT"Core/Src/freertos.o" --specs=nano.specs -mfpu=fpv5-d16 -mfloat-abi=hard -mthumb -o "Core/Src/freertos.o"
../Core/Src/freertos.c: In function 'tcp_server':
../Core/Src/freertos.c:259:10: warning: unused variable 'i' [-Wunused-variable]
  259 |     int  i,  new_sock;
      |          ^
../Core/Src/freertos.c: In function 'StartTask03':
../Core/Src/freertos.c:357:24: warning: pointer targets in passing argument 2 of 'analysisErr' differ in signedness [-Wpointer-sign]
  357 |       analysisErr(err, errstr, 30);
      |                        ^~~~~~
      |                        |
      |                        char *
In file included from ../Core/Src/freertos.c:35:
../Core/Inc/services.h:32:43: note: expected 'uint8_t *' {aka 'unsigned char *'} but argument is of type 'char *'
   32 | void analysisErr(errorCode code, uint8_t *buf, int len);
      |                                  ~~~~~~~~~^~~
arm-none-eabi-gcc -o "bootloader.elf" @"objects.list"   -mcpu=cortex-m7 -T"C:\my_workspace\stm32_ws\IAP_boot_lwip\bootloader\STM32F767IGTX_FLASH.ld" --specs=nosys.specs -Wl,-Map="bootloader.map" -Wl,--gc-sections -static --specs=nano.specs -mfpu=fpv5-d16 -mfloat-abi=hard -mthumb -Wl,--start-group -lc -lm -Wl,--end-group
Finished building target: bootloader.elf
 
arm-none-eabi-size  bootloader.elf 
arm-none-eabi-objdump -h -S bootloader.elf  > "bootloader.list"
arm-none-eabi-objcopy  -O ihex bootloader.elf  "bootloader.hex"
arm-none-eabi-objcopy  -O binary bootloader.elf  "bootloader.bin"
   text	   data	    bss	    dec	    hex	filename
 122564	    468	 266668	 389700	  5f244	bootloader.elf
Finished building: default.size.stdout
 
Finished building: bootloader.bin
Finished building: bootloader.hex
 
 
Finished building: bootloader.list
 
14:13:36 **** Incremental Build of configuration Debug for project bootloader ****
make -j16 all 
arm-none-eabi-gcc "../Core/Src/freertos.c" -mcpu=cortex-m7 -std=gnu11 -g3 -DDEBUG -DUSE_HAL_DRIVER -DSTM32F767xx -c -I../Core/Inc -I../Drivers/STM32F7xx_HAL_Driver/Inc -I../Drivers/STM32F7xx_HAL_Driver/Inc/Legacy -I../Drivers/CMSIS/Device/ST/STM32F7xx/Include -I../Drivers/CMSIS/Include -I../LWIP/App -I../LWIP/Target -I../Middlewares/Third_Party/LwIP/src/include -I../Middlewares/Third_Party/LwIP/system -I../Middlewares/Third_Party/FreeRTOS/Source/include -I../Middlewares/Third_Party/FreeRTOS/Source/CMSIS_RTOS -I../Middlewares/Third_Party/FreeRTOS/Source/portable/GCC/ARM_CM7/r0p1 -I../Drivers/BSP/Components/lan8742 -I../Middlewares/Third_Party/LwIP/src/include/netif/ppp -I../Middlewares/Third_Party/LwIP/src/include/lwip -I../Middlewares/Third_Party/LwIP/src/include/lwip/apps -I../Middlewares/Third_Party/LwIP/src/include/lwip/priv -I../Middlewares/Third_Party/LwIP/src/include/lwip/prot -I../Middlewares/Third_Party/LwIP/src/include/netif -I../Middlewares/Third_Party/LwIP/src/include/compat/posix -I../Middlewares/Third_Party/LwIP/src/include/compat/posix/arpa -I../Middlewares/Third_Party/LwIP/src/include/compat/posix/net -I../Middlewares/Third_Party/LwIP/src/include/compat/posix/sys -I../Middlewares/Third_Party/LwIP/src/include/compat/stdc -I../Middlewares/Third_Party/LwIP/system/arch -O0 -ffunction-sections -fdata-sections -Wall -fstack-usage -fcyclomatic-complexity -MMD -MP -MF"Core/Src/freertos.d" -MT"Core/Src/freertos.o" --specs=nano.specs -mfpu=fpv5-d16 -mfloat-abi=hard -mthumb -o "Core/Src/freertos.o"
../Core/Src/freertos.c: In function 'tcp_server':
../Core/Src/freertos.c:259:10: warning: unused variable 'i' [-Wunused-variable]
  259 |     int  i,  new_sock;
      |          ^
../Core/Src/freertos.c: In function 'StartTask03':
../Core/Src/freertos.c:357:24: warning: pointer targets in passing argument 2 of 'analysisErr' differ in signedness [-Wpointer-sign]
  357 |       analysisErr(err, errstr, 30);
      |                        ^~~~~~
      |                        |
      |                        char *
In file included from ../Core/Src/freertos.c:35:
../Core/Inc/services.h:32:43: note: expected 'uint8_t *' {aka 'unsigned char *'} but argument is of type 'char *'
   32 | void analysisErr(errorCode code, uint8_t *buf, int len);
      |                                  ~~~~~~~~~^~~
arm-none-eabi-gcc -o "bootloader.elf" @"objects.list"   -mcpu=cortex-m7 -T"C:\my_workspace\stm32_ws\IAP_boot_lwip\bootloader\STM32F767IGTX_FLASH.ld" --specs=nosys.specs -Wl,-Map="bootloader.map" -Wl,--gc-sections -static --specs=nano.specs -mfpu=fpv5-d16 -mfloat-abi=hard -mthumb -Wl,--start-group -lc -lm -Wl,--end-group
Finished building target: bootloader.elf
 
arm-none-eabi-size  bootloader.elf 
arm-none-eabi-objdump -h -S bootloader.elf  > "bootloader.list"
arm-none-eabi-objcopy  -O ihex bootloader.elf  "bootloader.hex"
arm-none-eabi-objcopy  -O binary bootloader.elf  "bootloader.bin"
   text	   data	    bss	    dec	    hex	filename
 122564	    468	 266668	 389700	  5f244	bootloader.elf
Finished building: default.size.stdout
 
Finished building: bootloader.hex
Finished building: bootloader.bin
 
 
Finished building: bootloader.list
 
14:23:59 **** Incremental Build of configuration Debug for project bootloader ****
make -j16 all 
arm-none-eabi-gcc "../Core/Src/freertos.c" -mcpu=cortex-m7 -std=gnu11 -g3 -DDEBUG -DUSE_HAL_DRIVER -DSTM32F767xx -c -I../Core/Inc -I../Drivers/STM32F7xx_HAL_Driver/Inc -I../Drivers/STM32F7xx_HAL_Driver/Inc/Legacy -I../Drivers/CMSIS/Device/ST/STM32F7xx/Include -I../Drivers/CMSIS/Include -I../LWIP/App -I../LWIP/Target -I../Middlewares/Third_Party/LwIP/src/include -I../Middlewares/Third_Party/LwIP/system -I../Middlewares/Third_Party/FreeRTOS/Source/include -I../Middlewares/Third_Party/FreeRTOS/Source/CMSIS_RTOS -I../Middlewares/Third_Party/FreeRTOS/Source/portable/GCC/ARM_CM7/r0p1 -I../Drivers/BSP/Components/lan8742 -I../Middlewares/Third_Party/LwIP/src/include/netif/ppp -I../Middlewares/Third_Party/LwIP/src/include/lwip -I../Middlewares/Third_Party/LwIP/src/include/lwip/apps -I../Middlewares/Third_Party/LwIP/src/include/lwip/priv -I../Middlewares/Third_Party/LwIP/src/include/lwip/prot -I../Middlewares/Third_Party/LwIP/src/include/netif -I../Middlewares/Third_Party/LwIP/src/include/compat/posix -I../Middlewares/Third_Party/LwIP/src/include/compat/posix/arpa -I../Middlewares/Third_Party/LwIP/src/include/compat/posix/net -I../Middlewares/Third_Party/LwIP/src/include/compat/posix/sys -I../Middlewares/Third_Party/LwIP/src/include/compat/stdc -I../Middlewares/Third_Party/LwIP/system/arch -O0 -ffunction-sections -fdata-sections -Wall -fstack-usage -fcyclomatic-complexity -MMD -MP -MF"Core/Src/freertos.d" -MT"Core/Src/freertos.o" --specs=nano.specs -mfpu=fpv5-d16 -mfloat-abi=hard -mthumb -o "Core/Src/freertos.o"
../Core/Src/freertos.c: In function 'tcp_server':
../Core/Src/freertos.c:259:10: warning: unused variable 'i' [-Wunused-variable]
  259 |     int  i,  new_sock;
      |          ^
../Core/Src/freertos.c: In function 'StartTask03':
../Core/Src/freertos.c:357:24: warning: pointer targets in passing argument 2 of 'analysisErr' differ in signedness [-Wpointer-sign]
  357 |       analysisErr(err, errstr, 30);
      |                        ^~~~~~
      |                        |
      |                        char *
In file included from ../Core/Src/freertos.c:35:
../Core/Inc/services.h:32:43: note: expected 'uint8_t *' {aka 'unsigned char *'} but argument is of type 'char *'
   32 | void analysisErr(errorCode code, uint8_t *buf, int len);
      |                                  ~~~~~~~~~^~~
arm-none-eabi-gcc -o "bootloader.elf" @"objects.list"   -mcpu=cortex-m7 -T"C:\my_workspace\stm32_ws\IAP_boot_lwip\bootloader\STM32F767IGTX_FLASH.ld" --specs=nosys.specs -Wl,-Map="bootloader.map" -Wl,--gc-sections -static --specs=nano.specs -mfpu=fpv5-d16 -mfloat-abi=hard -mthumb -Wl,--start-group -lc -lm -Wl,--end-group
Finished building target: bootloader.elf
 
arm-none-eabi-size  bootloader.elf 
arm-none-eabi-objdump -h -S bootloader.elf  > "bootloader.list"
arm-none-eabi-objcopy  -O ihex bootloader.elf  "bootloader.hex"
arm-none-eabi-objcopy  -O binary bootloader.elf  "bootloader.bin"
   text	   data	    bss	    dec	    hex	filename
 130416	    468	 266676	 397560	  610f8	bootloader.elf
Finished building: default.size.stdout
 
Finished building: bootloader.hex
Finished building: bootloader.bin
 
 
Finished building: bootloader.list
 
14:30:30 **** Incremental Build of configuration Debug for project bootloader ****
make -j16 all 
arm-none-eabi-gcc "../Core/Src/freertos.c" -mcpu=cortex-m7 -std=gnu11 -g3 -DDEBUG -DUSE_HAL_DRIVER -DSTM32F767xx -c -I../Core/Inc -I../Drivers/STM32F7xx_HAL_Driver/Inc -I../Drivers/STM32F7xx_HAL_Driver/Inc/Legacy -I../Drivers/CMSIS/Device/ST/STM32F7xx/Include -I../Drivers/CMSIS/Include -I../LWIP/App -I../LWIP/Target -I../Middlewares/Third_Party/LwIP/src/include -I../Middlewares/Third_Party/LwIP/system -I../Middlewares/Third_Party/FreeRTOS/Source/include -I../Middlewares/Third_Party/FreeRTOS/Source/CMSIS_RTOS -I../Middlewares/Third_Party/FreeRTOS/Source/portable/GCC/ARM_CM7/r0p1 -I../Drivers/BSP/Components/lan8742 -I../Middlewares/Third_Party/LwIP/src/include/netif/ppp -I../Middlewares/Third_Party/LwIP/src/include/lwip -I../Middlewares/Third_Party/LwIP/src/include/lwip/apps -I../Middlewares/Third_Party/LwIP/src/include/lwip/priv -I../Middlewares/Third_Party/LwIP/src/include/lwip/prot -I../Middlewares/Third_Party/LwIP/src/include/netif -I../Middlewares/Third_Party/LwIP/src/include/compat/posix -I../Middlewares/Third_Party/LwIP/src/include/compat/posix/arpa -I../Middlewares/Third_Party/LwIP/src/include/compat/posix/net -I../Middlewares/Third_Party/LwIP/src/include/compat/posix/sys -I../Middlewares/Third_Party/LwIP/src/include/compat/stdc -I../Middlewares/Third_Party/LwIP/system/arch -O0 -ffunction-sections -fdata-sections -Wall -fstack-usage -fcyclomatic-complexity -MMD -MP -MF"Core/Src/freertos.d" -MT"Core/Src/freertos.o" --specs=nano.specs -mfpu=fpv5-d16 -mfloat-abi=hard -mthumb -o "Core/Src/freertos.o"
../Core/Src/freertos.c: In function 'tcp_server':
../Core/Src/freertos.c:259:10: warning: unused variable 'i' [-Wunused-variable]
  259 |     int  i,  new_sock;
      |          ^
../Core/Src/freertos.c: In function 'StartTask03':
../Core/Src/freertos.c:357:24: warning: pointer targets in passing argument 2 of 'analysisErr' differ in signedness [-Wpointer-sign]
  357 |       analysisErr(err, errstr, 30);
      |                        ^~~~~~
      |                        |
      |                        char *
In file included from ../Core/Src/freertos.c:35:
../Core/Inc/services.h:32:43: note: expected 'uint8_t *' {aka 'unsigned char *'} but argument is of type 'char *'
   32 | void analysisErr(errorCode code, uint8_t *buf, int len);
      |                                  ~~~~~~~~~^~~
arm-none-eabi-gcc -o "bootloader.elf" @"objects.list"   -mcpu=cortex-m7 -T"C:\my_workspace\stm32_ws\IAP_boot_lwip\bootloader\STM32F767IGTX_FLASH.ld" --specs=nosys.specs -Wl,-Map="bootloader.map" -Wl,--gc-sections -static --specs=nano.specs -mfpu=fpv5-d16 -mfloat-abi=hard -mthumb -Wl,--start-group -lc -lm -Wl,--end-group
Finished building target: bootloader.elf
 
arm-none-eabi-size  bootloader.elf 
arm-none-eabi-objdump -h -S bootloader.elf  > "bootloader.list"
arm-none-eabi-objcopy  -O ihex bootloader.elf  "bootloader.hex"
arm-none-eabi-objcopy  -O binary bootloader.elf  "bootloader.bin"
   text	   data	    bss	    dec	    hex	filename
 130416	    468	 266676	 397560	  610f8	bootloader.elf
Finished building: default.size.stdout
 
Finished building: bootloader.hex
Finished building: bootloader.bin
 
 
Finished building: bootloader.list
 
14:37:39 **** Incremental Build of configuration Debug for project bootloader ****
make -j16 all 
arm-none-eabi-gcc "../Core/Src/freertos.c" -mcpu=cortex-m7 -std=gnu11 -g3 -DDEBUG -DUSE_HAL_DRIVER -DSTM32F767xx -c -I../Core/Inc -I../Drivers/STM32F7xx_HAL_Driver/Inc -I../Drivers/STM32F7xx_HAL_Driver/Inc/Legacy -I../Drivers/CMSIS/Device/ST/STM32F7xx/Include -I../Drivers/CMSIS/Include -I../LWIP/App -I../LWIP/Target -I../Middlewares/Third_Party/LwIP/src/include -I../Middlewares/Third_Party/LwIP/system -I../Middlewares/Third_Party/FreeRTOS/Source/include -I../Middlewares/Third_Party/FreeRTOS/Source/CMSIS_RTOS -I../Middlewares/Third_Party/FreeRTOS/Source/portable/GCC/ARM_CM7/r0p1 -I../Drivers/BSP/Components/lan8742 -I../Middlewares/Third_Party/LwIP/src/include/netif/ppp -I../Middlewares/Third_Party/LwIP/src/include/lwip -I../Middlewares/Third_Party/LwIP/src/include/lwip/apps -I../Middlewares/Third_Party/LwIP/src/include/lwip/priv -I../Middlewares/Third_Party/LwIP/src/include/lwip/prot -I../Middlewares/Third_Party/LwIP/src/include/netif -I../Middlewares/Third_Party/LwIP/src/include/compat/posix -I../Middlewares/Third_Party/LwIP/src/include/compat/posix/arpa -I../Middlewares/Third_Party/LwIP/src/include/compat/posix/net -I../Middlewares/Third_Party/LwIP/src/include/compat/posix/sys -I../Middlewares/Third_Party/LwIP/src/include/compat/stdc -I../Middlewares/Third_Party/LwIP/system/arch -O0 -ffunction-sections -fdata-sections -Wall -fstack-usage -fcyclomatic-complexity -MMD -MP -MF"Core/Src/freertos.d" -MT"Core/Src/freertos.o" --specs=nano.specs -mfpu=fpv5-d16 -mfloat-abi=hard -mthumb -o "Core/Src/freertos.o"
../Core/Src/freertos.c: In function 'tcp_server':
../Core/Src/freertos.c:259:10: warning: unused variable 'i' [-Wunused-variable]
  259 |     int  i,  new_sock;
      |          ^
../Core/Src/freertos.c: In function 'StartTask03':
../Core/Src/freertos.c:359:24: warning: pointer targets in passing argument 2 of 'analysisErr' differ in signedness [-Wpointer-sign]
  359 |       analysisErr(err, errstr, 30);
      |                        ^~~~~~
      |                        |
      |                        char *
In file included from ../Core/Src/freertos.c:35:
../Core/Inc/services.h:32:43: note: expected 'uint8_t *' {aka 'unsigned char *'} but argument is of type 'char *'
   32 | void analysisErr(errorCode code, uint8_t *buf, int len);
      |                                  ~~~~~~~~~^~~
arm-none-eabi-gcc -o "bootloader.elf" @"objects.list"   -mcpu=cortex-m7 -T"C:\my_workspace\stm32_ws\IAP_boot_lwip\bootloader\STM32F767IGTX_FLASH.ld" --specs=nosys.specs -Wl,-Map="bootloader.map" -Wl,--gc-sections -static --specs=nano.specs -mfpu=fpv5-d16 -mfloat-abi=hard -mthumb -Wl,--start-group -lc -lm -Wl,--end-group
Finished building target: bootloader.elf
 
arm-none-eabi-size  bootloader.elf 
arm-none-eabi-objdump -h -S bootloader.elf  > "bootloader.list"
arm-none-eabi-objcopy  -O ihex bootloader.elf  "bootloader.hex"
arm-none-eabi-objcopy  -O binary bootloader.elf  "bootloader.bin"
   text	   data	    bss	    dec	    hex	filename
 130448	    468	 266676	 397592	  61118	bootloader.elf
Finished building: default.size.stdout
 
Finished building: bootloader.hex
Finished building: bootloader.bin
 
 
Finished building: bootloader.list
 
14:42:20 **** Incremental Build of configuration Debug for project bootloader ****
make -j16 all 
arm-none-eabi-gcc "../Core/Src/freertos.c" -mcpu=cortex-m7 -std=gnu11 -g3 -DDEBUG -DUSE_HAL_DRIVER -DSTM32F767xx -c -I../Core/Inc -I../Drivers/STM32F7xx_HAL_Driver/Inc -I../Drivers/STM32F7xx_HAL_Driver/Inc/Legacy -I../Drivers/CMSIS/Device/ST/STM32F7xx/Include -I../Drivers/CMSIS/Include -I../LWIP/App -I../LWIP/Target -I../Middlewares/Third_Party/LwIP/src/include -I../Middlewares/Third_Party/LwIP/system -I../Middlewares/Third_Party/FreeRTOS/Source/include -I../Middlewares/Third_Party/FreeRTOS/Source/CMSIS_RTOS -I../Middlewares/Third_Party/FreeRTOS/Source/portable/GCC/ARM_CM7/r0p1 -I../Drivers/BSP/Components/lan8742 -I../Middlewares/Third_Party/LwIP/src/include/netif/ppp -I../Middlewares/Third_Party/LwIP/src/include/lwip -I../Middlewares/Third_Party/LwIP/src/include/lwip/apps -I../Middlewares/Third_Party/LwIP/src/include/lwip/priv -I../Middlewares/Third_Party/LwIP/src/include/lwip/prot -I../Middlewares/Third_Party/LwIP/src/include/netif -I../Middlewares/Third_Party/LwIP/src/include/compat/posix -I../Middlewares/Third_Party/LwIP/src/include/compat/posix/arpa -I../Middlewares/Third_Party/LwIP/src/include/compat/posix/net -I../Middlewares/Third_Party/LwIP/src/include/compat/posix/sys -I../Middlewares/Third_Party/LwIP/src/include/compat/stdc -I../Middlewares/Third_Party/LwIP/system/arch -O0 -ffunction-sections -fdata-sections -Wall -fstack-usage -fcyclomatic-complexity -MMD -MP -MF"Core/Src/freertos.d" -MT"Core/Src/freertos.o" --specs=nano.specs -mfpu=fpv5-d16 -mfloat-abi=hard -mthumb -o "Core/Src/freertos.o"
../Core/Src/freertos.c: In function 'tcp_server':
../Core/Src/freertos.c:259:10: warning: unused variable 'i' [-Wunused-variable]
  259 |     int  i,  new_sock;
      |          ^
../Core/Src/freertos.c: In function 'StartTask03':
../Core/Src/freertos.c:363:24: warning: pointer targets in passing argument 2 of 'analysisErr' differ in signedness [-Wpointer-sign]
  363 |       analysisErr(err, errstr, 30);
      |                        ^~~~~~
      |                        |
      |                        char *
In file included from ../Core/Src/freertos.c:35:
../Core/Inc/services.h:32:43: note: expected 'uint8_t *' {aka 'unsigned char *'} but argument is of type 'char *'
   32 | void analysisErr(errorCode code, uint8_t *buf, int len);
      |                                  ~~~~~~~~~^~~
arm-none-eabi-gcc -o "bootloader.elf" @"objects.list"   -mcpu=cortex-m7 -T"C:\my_workspace\stm32_ws\IAP_boot_lwip\bootloader\STM32F767IGTX_FLASH.ld" --specs=nosys.specs -Wl,-Map="bootloader.map" -Wl,--gc-sections -static --specs=nano.specs -mfpu=fpv5-d16 -mfloat-abi=hard -mthumb -Wl,--start-group -lc -lm -Wl,--end-group
Finished building target: bootloader.elf
 
arm-none-eabi-size  bootloader.elf 
arm-none-eabi-objdump -h -S bootloader.elf  > "bootloader.list"
arm-none-eabi-objcopy  -O ihex bootloader.elf  "bootloader.hex"
arm-none-eabi-objcopy  -O binary bootloader.elf  "bootloader.bin"
   text	   data	    bss	    dec	    hex	filename
 130496	    468	 266676	 397640	  61148	bootloader.elf
Finished building: default.size.stdout
 
Finished building: bootloader.hex
Finished building: bootloader.bin
 
 
Finished building: bootloader.list
 
15:04:13 **** Incremental Build of configuration Debug for project bootloader ****
make -j16 all 
arm-none-eabi-gcc "../Core/Src/freertos.c" -mcpu=cortex-m7 -std=gnu11 -g3 -DDEBUG -DUSE_HAL_DRIVER -DSTM32F767xx -c -I../Core/Inc -I../Drivers/STM32F7xx_HAL_Driver/Inc -I../Drivers/STM32F7xx_HAL_Driver/Inc/Legacy -I../Drivers/CMSIS/Device/ST/STM32F7xx/Include -I../Drivers/CMSIS/Include -I../LWIP/App -I../LWIP/Target -I../Middlewares/Third_Party/LwIP/src/include -I../Middlewares/Third_Party/LwIP/system -I../Middlewares/Third_Party/FreeRTOS/Source/include -I../Middlewares/Third_Party/FreeRTOS/Source/CMSIS_RTOS -I../Middlewares/Third_Party/FreeRTOS/Source/portable/GCC/ARM_CM7/r0p1 -I../Drivers/BSP/Components/lan8742 -I../Middlewares/Third_Party/LwIP/src/include/netif/ppp -I../Middlewares/Third_Party/LwIP/src/include/lwip -I../Middlewares/Third_Party/LwIP/src/include/lwip/apps -I../Middlewares/Third_Party/LwIP/src/include/lwip/priv -I../Middlewares/Third_Party/LwIP/src/include/lwip/prot -I../Middlewares/Third_Party/LwIP/src/include/netif -I../Middlewares/Third_Party/LwIP/src/include/compat/posix -I../Middlewares/Third_Party/LwIP/src/include/compat/posix/arpa -I../Middlewares/Third_Party/LwIP/src/include/compat/posix/net -I../Middlewares/Third_Party/LwIP/src/include/compat/posix/sys -I../Middlewares/Third_Party/LwIP/src/include/compat/stdc -I../Middlewares/Third_Party/LwIP/system/arch -O0 -ffunction-sections -fdata-sections -Wall -fstack-usage -fcyclomatic-complexity -MMD -MP -MF"Core/Src/freertos.d" -MT"Core/Src/freertos.o" --specs=nano.specs -mfpu=fpv5-d16 -mfloat-abi=hard -mthumb -o "Core/Src/freertos.o"
../Core/Src/freertos.c: In function 'tcp_server':
../Core/Src/freertos.c:259:10: warning: unused variable 'i' [-Wunused-variable]
  259 |     int  i,  new_sock;
      |          ^
../Core/Src/freertos.c: In function 'StartTask03':
../Core/Src/freertos.c:361:24: warning: pointer targets in passing argument 2 of 'analysisErr' differ in signedness [-Wpointer-sign]
  361 |       analysisErr(err, errstr, 30);
      |                        ^~~~~~
      |                        |
      |                        char *
In file included from ../Core/Src/freertos.c:35:
../Core/Inc/services.h:32:43: note: expected 'uint8_t *' {aka 'unsigned char *'} but argument is of type 'char *'
   32 | void analysisErr(errorCode code, uint8_t *buf, int len);
      |                                  ~~~~~~~~~^~~
arm-none-eabi-gcc -o "bootloader.elf" @"objects.list"   -mcpu=cortex-m7 -T"C:\my_workspace\stm32_ws\IAP_boot_lwip\bootloader\STM32F767IGTX_FLASH.ld" --specs=nosys.specs -Wl,-Map="bootloader.map" -Wl,--gc-sections -static --specs=nano.specs -mfpu=fpv5-d16 -mfloat-abi=hard -mthumb -Wl,--start-group -lc -lm -Wl,--end-group
Finished building target: bootloader.elf
 
arm-none-eabi-size  bootloader.elf 
arm-none-eabi-objdump -h -S bootloader.elf  > "bootloader.list"
arm-none-eabi-objcopy  -O ihex bootloader.elf  "bootloader.hex"
arm-none-eabi-objcopy  -O binary bootloader.elf  "bootloader.bin"
   text	   data	    bss	    dec	    hex	filename
 130416	    468	 266676	 397560	  610f8	bootloader.elf
Finished building: default.size.stdout
 
Finished building: bootloader.bin
Finished building: bootloader.hex
 
 
Finished building: bootloader.list
 
16:00:52 **** Incremental Build of configuration Debug for project bootloader ****
make -j16 all 
arm-none-eabi-gcc "../Core/Src/freertos.c" -mcpu=cortex-m7 -std=gnu11 -g3 -DDEBUG -DUSE_HAL_DRIVER -DSTM32F767xx -c -I../Core/Inc -I../Drivers/STM32F7xx_HAL_Driver/Inc -I../Drivers/STM32F7xx_HAL_Driver/Inc/Legacy -I../Drivers/CMSIS/Device/ST/STM32F7xx/Include -I../Drivers/CMSIS/Include -I../LWIP/App -I../LWIP/Target -I../Middlewares/Third_Party/LwIP/src/include -I../Middlewares/Third_Party/LwIP/system -I../Middlewares/Third_Party/FreeRTOS/Source/include -I../Middlewares/Third_Party/FreeRTOS/Source/CMSIS_RTOS -I../Middlewares/Third_Party/FreeRTOS/Source/portable/GCC/ARM_CM7/r0p1 -I../Drivers/BSP/Components/lan8742 -I../Middlewares/Third_Party/LwIP/src/include/netif/ppp -I../Middlewares/Third_Party/LwIP/src/include/lwip -I../Middlewares/Third_Party/LwIP/src/include/lwip/apps -I../Middlewares/Third_Party/LwIP/src/include/lwip/priv -I../Middlewares/Third_Party/LwIP/src/include/lwip/prot -I../Middlewares/Third_Party/LwIP/src/include/netif -I../Middlewares/Third_Party/LwIP/src/include/compat/posix -I../Middlewares/Third_Party/LwIP/src/include/compat/posix/arpa -I../Middlewares/Third_Party/LwIP/src/include/compat/posix/net -I../Middlewares/Third_Party/LwIP/src/include/compat/posix/sys -I../Middlewares/Third_Party/LwIP/src/include/compat/stdc -I../Middlewares/Third_Party/LwIP/system/arch -O0 -ffunction-sections -fdata-sections -Wall -fstack-usage -fcyclomatic-complexity -MMD -MP -MF"Core/Src/freertos.d" -MT"Core/Src/freertos.o" --specs=nano.specs -mfpu=fpv5-d16 -mfloat-abi=hard -mthumb -o "Core/Src/freertos.o"
arm-none-eabi-gcc "../Core/Src/iap.c" -mcpu=cortex-m7 -std=gnu11 -g3 -DDEBUG -DUSE_HAL_DRIVER -DSTM32F767xx -c -I../Core/Inc -I../Drivers/STM32F7xx_HAL_Driver/Inc -I../Drivers/STM32F7xx_HAL_Driver/Inc/Legacy -I../Drivers/CMSIS/Device/ST/STM32F7xx/Include -I../Drivers/CMSIS/Include -I../LWIP/App -I../LWIP/Target -I../Middlewares/Third_Party/LwIP/src/include -I../Middlewares/Third_Party/LwIP/system -I../Middlewares/Third_Party/FreeRTOS/Source/include -I../Middlewares/Third_Party/FreeRTOS/Source/CMSIS_RTOS -I../Middlewares/Third_Party/FreeRTOS/Source/portable/GCC/ARM_CM7/r0p1 -I../Drivers/BSP/Components/lan8742 -I../Middlewares/Third_Party/LwIP/src/include/netif/ppp -I../Middlewares/Third_Party/LwIP/src/include/lwip -I../Middlewares/Third_Party/LwIP/src/include/lwip/apps -I../Middlewares/Third_Party/LwIP/src/include/lwip/priv -I../Middlewares/Third_Party/LwIP/src/include/lwip/prot -I../Middlewares/Third_Party/LwIP/src/include/netif -I../Middlewares/Third_Party/LwIP/src/include/compat/posix -I../Middlewares/Third_Party/LwIP/src/include/compat/posix/arpa -I../Middlewares/Third_Party/LwIP/src/include/compat/posix/net -I../Middlewares/Third_Party/LwIP/src/include/compat/posix/sys -I../Middlewares/Third_Party/LwIP/src/include/compat/stdc -I../Middlewares/Third_Party/LwIP/system/arch -O0 -ffunction-sections -fdata-sections -Wall -fstack-usage -fcyclomatic-complexity -MMD -MP -MF"Core/Src/iap.d" -MT"Core/Src/iap.o" --specs=nano.specs -mfpu=fpv5-d16 -mfloat-abi=hard -mthumb -o "Core/Src/iap.o"
../Core/Src/iap.c: In function 'flash_write':
../Core/Src/iap.c:132:34: warning: format '%d' expects argument of type 'int', but argument 2 has type 'uint32_t' {aka 'long unsigned int'} [-Wformat=]
  132 |                 printf("fwaddr: %d\r\n", fwaddr);
      |                                 ~^       ~~~~~~
      |                                  |       |
      |                                  int     uint32_t {aka long unsigned int}
      |                                 %ld
../Core/Src/iap.c:136:34: warning: format '%d' expects argument of type 'int', but argument 2 has type 'uint32_t' {aka 'long unsigned int'} [-Wformat=]
  136 |                 printf("fwaddr: %d\r\n", fwaddr);
      |                                 ~^       ~~~~~~
      |                                  |       |
      |                                  int     uint32_t {aka long unsigned int}
      |                                 %ld
../Core/Src/freertos.c: In function 'tcp_server':
../Core/Src/freertos.c:259:10: warning: unused variable 'i' [-Wunused-variable]
  259 |     int  i,  new_sock;
      |          ^
../Core/Src/freertos.c: In function 'StartTask03':
../Core/Src/freertos.c:361:24: warning: pointer targets in passing argument 2 of 'analysisErr' differ in signedness [-Wpointer-sign]
  361 |       analysisErr(err, errstr, 30);
      |                        ^~~~~~
      |                        |
      |                        char *
In file included from ../Core/Src/freertos.c:35:
../Core/Inc/services.h:32:43: note: expected 'uint8_t *' {aka 'unsigned char *'} but argument is of type 'char *'
   32 | void analysisErr(errorCode code, uint8_t *buf, int len);
      |                                  ~~~~~~~~~^~~
arm-none-eabi-gcc -o "bootloader.elf" @"objects.list"   -mcpu=cortex-m7 -T"C:\my_workspace\stm32_ws\IAP_boot_lwip\bootloader\STM32F767IGTX_FLASH.ld" --specs=nosys.specs -Wl,-Map="bootloader.map" -Wl,--gc-sections -static --specs=nano.specs -mfpu=fpv5-d16 -mfloat-abi=hard -mthumb -Wl,--start-group -lc -lm -Wl,--end-group
Finished building target: bootloader.elf
 
arm-none-eabi-size  bootloader.elf 
arm-none-eabi-objdump -h -S bootloader.elf  > "bootloader.list"
arm-none-eabi-objcopy  -O ihex bootloader.elf  "bootloader.hex"
arm-none-eabi-objcopy  -O binary bootloader.elf  "bootloader.bin"
   text	   data	    bss	    dec	    hex	filename
 130372	    468	 266676	 397516	  610cc	bootloader.elf
Finished building: default.size.stdout
 
Finished building: bootloader.hex
Finished building: bootloader.bin
 
 
Finished building: bootloader.list
 
16:21:04 **** Incremental Build of configuration Debug for project bootloader ****
make -j16 all 
arm-none-eabi-gcc "../Core/Src/freertos.c" -mcpu=cortex-m7 -std=gnu11 -g3 -DDEBUG -DUSE_HAL_DRIVER -DSTM32F767xx -c -I../Core/Inc -I../Drivers/STM32F7xx_HAL_Driver/Inc -I../Drivers/STM32F7xx_HAL_Driver/Inc/Legacy -I../Drivers/CMSIS/Device/ST/STM32F7xx/Include -I../Drivers/CMSIS/Include -I../LWIP/App -I../LWIP/Target -I../Middlewares/Third_Party/LwIP/src/include -I../Middlewares/Third_Party/LwIP/system -I../Middlewares/Third_Party/FreeRTOS/Source/include -I../Middlewares/Third_Party/FreeRTOS/Source/CMSIS_RTOS -I../Middlewares/Third_Party/FreeRTOS/Source/portable/GCC/ARM_CM7/r0p1 -I../Drivers/BSP/Components/lan8742 -I../Middlewares/Third_Party/LwIP/src/include/netif/ppp -I../Middlewares/Third_Party/LwIP/src/include/lwip -I../Middlewares/Third_Party/LwIP/src/include/lwip/apps -I../Middlewares/Third_Party/LwIP/src/include/lwip/priv -I../Middlewares/Third_Party/LwIP/src/include/lwip/prot -I../Middlewares/Third_Party/LwIP/src/include/netif -I../Middlewares/Third_Party/LwIP/src/include/compat/posix -I../Middlewares/Third_Party/LwIP/src/include/compat/posix/arpa -I../Middlewares/Third_Party/LwIP/src/include/compat/posix/net -I../Middlewares/Third_Party/LwIP/src/include/compat/posix/sys -I../Middlewares/Third_Party/LwIP/src/include/compat/stdc -I../Middlewares/Third_Party/LwIP/system/arch -O0 -ffunction-sections -fdata-sections -Wall -fstack-usage -fcyclomatic-complexity -MMD -MP -MF"Core/Src/freertos.d" -MT"Core/Src/freertos.o" --specs=nano.specs -mfpu=fpv5-d16 -mfloat-abi=hard -mthumb -o "Core/Src/freertos.o"
arm-none-eabi-gcc "../Core/Src/services.c" -mcpu=cortex-m7 -std=gnu11 -g3 -DDEBUG -DUSE_HAL_DRIVER -DSTM32F767xx -c -I../Core/Inc -I../Drivers/STM32F7xx_HAL_Driver/Inc -I../Drivers/STM32F7xx_HAL_Driver/Inc/Legacy -I../Drivers/CMSIS/Device/ST/STM32F7xx/Include -I../Drivers/CMSIS/Include -I../LWIP/App -I../LWIP/Target -I../Middlewares/Third_Party/LwIP/src/include -I../Middlewares/Third_Party/LwIP/system -I../Middlewares/Third_Party/FreeRTOS/Source/include -I../Middlewares/Third_Party/FreeRTOS/Source/CMSIS_RTOS -I../Middlewares/Third_Party/FreeRTOS/Source/portable/GCC/ARM_CM7/r0p1 -I../Drivers/BSP/Components/lan8742 -I../Middlewares/Third_Party/LwIP/src/include/netif/ppp -I../Middlewares/Third_Party/LwIP/src/include/lwip -I../Middlewares/Third_Party/LwIP/src/include/lwip/apps -I../Middlewares/Third_Party/LwIP/src/include/lwip/priv -I../Middlewares/Third_Party/LwIP/src/include/lwip/prot -I../Middlewares/Third_Party/LwIP/src/include/netif -I../Middlewares/Third_Party/LwIP/src/include/compat/posix -I../Middlewares/Third_Party/LwIP/src/include/compat/posix/arpa -I../Middlewares/Third_Party/LwIP/src/include/compat/posix/net -I../Middlewares/Third_Party/LwIP/src/include/compat/posix/sys -I../Middlewares/Third_Party/LwIP/src/include/compat/stdc -I../Middlewares/Third_Party/LwIP/system/arch -O0 -ffunction-sections -fdata-sections -Wall -fstack-usage -fcyclomatic-complexity -MMD -MP -MF"Core/Src/services.d" -MT"Core/Src/services.o" --specs=nano.specs -mfpu=fpv5-d16 -mfloat-abi=hard -mthumb -o "Core/Src/services.o"
../Core/Src/services.c: In function 'requestDownload':
../Core/Src/services.c:79:98: warning: '<<' in boolean context, did you mean '<'? [-Wint-in-bool-context]
   79 |         uint32_t filesize = (uint32_t)( ((uint32_t)(data[0]) && 0x000000FF) | ((uint32_t)(data[1]<<8) && 0x0000FF00)
      |                                                                                          ~~~~~~~~^~~~
../Core/Src/services.c:80:62: warning: '<<' in boolean context, did you mean '<'? [-Wint-in-bool-context]
   80 |                                         | ((uint32_t)(data[2]<<16) && 0x00FF0000) | ((uint32_t)(data[1]<<24) && 0xFF000000) );
      |                                                      ~~~~~~~~^~~~~
../Core/Src/services.c:80:104: warning: '<<' in boolean context, did you mean '<'? [-Wint-in-bool-context]
   80 |                                         | ((uint32_t)(data[2]<<16) && 0x00FF0000) | ((uint32_t)(data[1]<<24) && 0xFF000000) );
      |                                                                                                ~~~~~~~~^~~~~
../Core/Src/services.c:81:9: warning: implicit declaration of function 'printf' [-Wimplicit-function-declaration]
   81 |         printf("34 request download file size: %d\r\n", filesize);
      |         ^~~~~~
../Core/Src/services.c:7:1: note: include '<stdio.h>' or provide a declaration of 'printf'
    6 | #include <string.h>
  +++ |+#include <stdio.h>
    7 | 
../Core/Src/services.c:81:9: warning: incompatible implicit declaration of built-in function 'printf' [-Wbuiltin-declaration-mismatch]
   81 |         printf("34 request download file size: %d\r\n", filesize);
      |         ^~~~~~
../Core/Src/services.c:81:9: note: include '<stdio.h>' or provide a declaration of 'printf'
../Core/Src/services.c:81:49: warning: format '%d' expects argument of type 'int', but argument 2 has type 'uint32_t' {aka 'long unsigned int'} [-Wformat=]
   81 |         printf("34 request download file size: %d\r\n", filesize);
      |                                                ~^       ~~~~~~~~
      |                                                 |       |
      |                                                 int     uint32_t {aka long unsigned int}
      |                                                %ld
../Core/Src/services.c: In function 'transfer':
../Core/Src/services.c:108:97: warning: '<<' in boolean context, did you mean '<'? [-Wint-in-bool-context]
  108 |         uint32_t packnum = (uint32_t)( ((uint32_t)(data[0]) && 0x000000FF) | ((uint32_t)(data[1]<<8) && 0x0000FF00)
      |                                                                                         ~~~~~~~~^~~~
../Core/Src/services.c:109:62: warning: '<<' in boolean context, did you mean '<'? [-Wint-in-bool-context]
  109 |                                         | ((uint32_t)(data[2]<<16) && 0x00FF0000) | ((uint32_t)(data[1]<<24) && 0xFF000000) );
      |                                                      ~~~~~~~~^~~~~
../Core/Src/services.c:109:104: warning: '<<' in boolean context, did you mean '<'? [-Wint-in-bool-context]
  109 |                                         | ((uint32_t)(data[2]<<16) && 0x00FF0000) | ((uint32_t)(data[1]<<24) && 0xFF000000) );
      |                                                                                                ~~~~~~~~^~~~~
../Core/Src/services.c:123:15: warning: incompatible implicit declaration of built-in function 'printf' [-Wbuiltin-declaration-mismatch]
  123 |               printf("Failed  to  send  item  to  the  queue\r\n");
      |               ^~~~~~
../Core/Src/services.c:123:15: note: include '<stdio.h>' or provide a declaration of 'printf'
../Core/Src/services.c:108:18: warning: unused variable 'packnum' [-Wunused-variable]
  108 |         uint32_t packnum = (uint32_t)( ((uint32_t)(data[0]) && 0x000000FF) | ((uint32_t)(data[1]<<8) && 0x0000FF00)
      |                  ^~~~~~~
../Core/Src/freertos.c: In function 'tcp_server':
../Core/Src/freertos.c:259:10: warning: unused variable 'i' [-Wunused-variable]
  259 |     int  i,  new_sock;
      |          ^
../Core/Src/freertos.c: In function 'StartTask03':
../Core/Src/freertos.c:361:24: warning: pointer targets in passing argument 2 of 'analysisErr' differ in signedness [-Wpointer-sign]
  361 |       analysisErr(err, errstr, 30);
      |                        ^~~~~~
      |                        |
      |                        char *
In file included from ../Core/Src/freertos.c:35:
../Core/Inc/services.h:32:43: note: expected 'uint8_t *' {aka 'unsigned char *'} but argument is of type 'char *'
   32 | void analysisErr(errorCode code, uint8_t *buf, int len);
      |                                  ~~~~~~~~~^~~
arm-none-eabi-gcc -o "bootloader.elf" @"objects.list"   -mcpu=cortex-m7 -T"C:\my_workspace\stm32_ws\IAP_boot_lwip\bootloader\STM32F767IGTX_FLASH.ld" --specs=nosys.specs -Wl,-Map="bootloader.map" -Wl,--gc-sections -static --specs=nano.specs -mfpu=fpv5-d16 -mfloat-abi=hard -mthumb -Wl,--start-group -lc -lm -Wl,--end-group
Finished building target: bootloader.elf
 
arm-none-eabi-size  bootloader.elf 
arm-none-eabi-objdump -h -S bootloader.elf  > "bootloader.list"
arm-none-eabi-objcopy  -O ihex bootloader.elf  "bootloader.hex"
arm-none-eabi-objcopy  -O binary bootloader.elf  "bootloader.bin"
   text	   data	    bss	    dec	    hex	filename
 130396	    468	 266676	 397540	  610e4	bootloader.elf
Finished building: default.size.stdout
 
Finished building: bootloader.hex
Finished building: bootloader.bin
 
 
Finished building: bootloader.list
 
16:23:22 **** Incremental Build of configuration Debug for project bootloader ****
make -j16 all 
arm-none-eabi-gcc "../Core/Src/iap.c" -mcpu=cortex-m7 -std=gnu11 -g3 -DDEBUG -DUSE_HAL_DRIVER -DSTM32F767xx -c -I../Core/Inc -I../Drivers/STM32F7xx_HAL_Driver/Inc -I../Drivers/STM32F7xx_HAL_Driver/Inc/Legacy -I../Drivers/CMSIS/Device/ST/STM32F7xx/Include -I../Drivers/CMSIS/Include -I../LWIP/App -I../LWIP/Target -I../Middlewares/Third_Party/LwIP/src/include -I../Middlewares/Third_Party/LwIP/system -I../Middlewares/Third_Party/FreeRTOS/Source/include -I../Middlewares/Third_Party/FreeRTOS/Source/CMSIS_RTOS -I../Middlewares/Third_Party/FreeRTOS/Source/portable/GCC/ARM_CM7/r0p1 -I../Drivers/BSP/Components/lan8742 -I../Middlewares/Third_Party/LwIP/src/include/netif/ppp -I../Middlewares/Third_Party/LwIP/src/include/lwip -I../Middlewares/Third_Party/LwIP/src/include/lwip/apps -I../Middlewares/Third_Party/LwIP/src/include/lwip/priv -I../Middlewares/Third_Party/LwIP/src/include/lwip/prot -I../Middlewares/Third_Party/LwIP/src/include/netif -I../Middlewares/Third_Party/LwIP/src/include/compat/posix -I../Middlewares/Third_Party/LwIP/src/include/compat/posix/arpa -I../Middlewares/Third_Party/LwIP/src/include/compat/posix/net -I../Middlewares/Third_Party/LwIP/src/include/compat/posix/sys -I../Middlewares/Third_Party/LwIP/src/include/compat/stdc -I../Middlewares/Third_Party/LwIP/system/arch -O0 -ffunction-sections -fdata-sections -Wall -fstack-usage -fcyclomatic-complexity -MMD -MP -MF"Core/Src/iap.d" -MT"Core/Src/iap.o" --specs=nano.specs -mfpu=fpv5-d16 -mfloat-abi=hard -mthumb -o "Core/Src/iap.o"
arm-none-eabi-gcc -o "bootloader.elf" @"objects.list"   -mcpu=cortex-m7 -T"C:\my_workspace\stm32_ws\IAP_boot_lwip\bootloader\STM32F767IGTX_FLASH.ld" --specs=nosys.specs -Wl,-Map="bootloader.map" -Wl,--gc-sections -static --specs=nano.specs -mfpu=fpv5-d16 -mfloat-abi=hard -mthumb -Wl,--start-group -lc -lm -Wl,--end-group
Finished building target: bootloader.elf
 
arm-none-eabi-size  bootloader.elf 
arm-none-eabi-objdump -h -S bootloader.elf  > "bootloader.list"
arm-none-eabi-objcopy  -O ihex bootloader.elf  "bootloader.hex"
arm-none-eabi-objcopy  -O binary bootloader.elf  "bootloader.bin"
   text	   data	    bss	    dec	    hex	filename
 130348	    468	 266676	 397492	  610b4	bootloader.elf
Finished building: default.size.stdout
 
Finished building: bootloader.hex
Finished building: bootloader.bin
 
 
Finished building: bootloader.list
 
16:25:54 **** Incremental Build of configuration Debug for project bootloader ****
make -j16 all 
arm-none-eabi-gcc "../Core/Src/freertos.c" -mcpu=cortex-m7 -std=gnu11 -g3 -DDEBUG -DUSE_HAL_DRIVER -DSTM32F767xx -c -I../Core/Inc -I../Drivers/STM32F7xx_HAL_Driver/Inc -I../Drivers/STM32F7xx_HAL_Driver/Inc/Legacy -I../Drivers/CMSIS/Device/ST/STM32F7xx/Include -I../Drivers/CMSIS/Include -I../LWIP/App -I../LWIP/Target -I../Middlewares/Third_Party/LwIP/src/include -I../Middlewares/Third_Party/LwIP/system -I../Middlewares/Third_Party/FreeRTOS/Source/include -I../Middlewares/Third_Party/FreeRTOS/Source/CMSIS_RTOS -I../Middlewares/Third_Party/FreeRTOS/Source/portable/GCC/ARM_CM7/r0p1 -I../Drivers/BSP/Components/lan8742 -I../Middlewares/Third_Party/LwIP/src/include/netif/ppp -I../Middlewares/Third_Party/LwIP/src/include/lwip -I../Middlewares/Third_Party/LwIP/src/include/lwip/apps -I../Middlewares/Third_Party/LwIP/src/include/lwip/priv -I../Middlewares/Third_Party/LwIP/src/include/lwip/prot -I../Middlewares/Third_Party/LwIP/src/include/netif -I../Middlewares/Third_Party/LwIP/src/include/compat/posix -I../Middlewares/Third_Party/LwIP/src/include/compat/posix/arpa -I../Middlewares/Third_Party/LwIP/src/include/compat/posix/net -I../Middlewares/Third_Party/LwIP/src/include/compat/posix/sys -I../Middlewares/Third_Party/LwIP/src/include/compat/stdc -I../Middlewares/Third_Party/LwIP/system/arch -O0 -ffunction-sections -fdata-sections -Wall -fstack-usage -fcyclomatic-complexity -MMD -MP -MF"Core/Src/freertos.d" -MT"Core/Src/freertos.o" --specs=nano.specs -mfpu=fpv5-d16 -mfloat-abi=hard -mthumb -o "Core/Src/freertos.o"
../Core/Src/freertos.c: In function 'tcp_server':
../Core/Src/freertos.c:259:10: warning: unused variable 'i' [-Wunused-variable]
  259 |     int  i,  new_sock;
      |          ^
../Core/Src/freertos.c: In function 'StartTask03':
../Core/Src/freertos.c:361:24: warning: pointer targets in passing argument 2 of 'analysisErr' differ in signedness [-Wpointer-sign]
  361 |       analysisErr(err, errstr, 30);
      |                        ^~~~~~
      |                        |
      |                        char *
In file included from ../Core/Src/freertos.c:35:
../Core/Inc/services.h:32:43: note: expected 'uint8_t *' {aka 'unsigned char *'} but argument is of type 'char *'
   32 | void analysisErr(errorCode code, uint8_t *buf, int len);
      |                                  ~~~~~~~~~^~~
arm-none-eabi-gcc -o "bootloader.elf" @"objects.list"   -mcpu=cortex-m7 -T"C:\my_workspace\stm32_ws\IAP_boot_lwip\bootloader\STM32F767IGTX_FLASH.ld" --specs=nosys.specs -Wl,-Map="bootloader.map" -Wl,--gc-sections -static --specs=nano.specs -mfpu=fpv5-d16 -mfloat-abi=hard -mthumb -Wl,--start-group -lc -lm -Wl,--end-group
Finished building target: bootloader.elf
 
arm-none-eabi-size  bootloader.elf 
arm-none-eabi-objdump -h -S bootloader.elf  > "bootloader.list"
arm-none-eabi-objcopy  -O ihex bootloader.elf  "bootloader.hex"
arm-none-eabi-objcopy  -O binary bootloader.elf  "bootloader.bin"
   text	   data	    bss	    dec	    hex	filename
 130396	    468	 266676	 397540	  610e4	bootloader.elf
Finished building: default.size.stdout
 
Finished building: bootloader.hex
Finished building: bootloader.bin
 
 
Finished building: bootloader.list
 
16:28:03 **** Incremental Build of configuration Debug for project bootloader ****
make -j16 all 
arm-none-eabi-gcc "../Core/Src/freertos.c" -mcpu=cortex-m7 -std=gnu11 -g3 -DDEBUG -DUSE_HAL_DRIVER -DSTM32F767xx -c -I../Core/Inc -I../Drivers/STM32F7xx_HAL_Driver/Inc -I../Drivers/STM32F7xx_HAL_Driver/Inc/Legacy -I../Drivers/CMSIS/Device/ST/STM32F7xx/Include -I../Drivers/CMSIS/Include -I../LWIP/App -I../LWIP/Target -I../Middlewares/Third_Party/LwIP/src/include -I../Middlewares/Third_Party/LwIP/system -I../Middlewares/Third_Party/FreeRTOS/Source/include -I../Middlewares/Third_Party/FreeRTOS/Source/CMSIS_RTOS -I../Middlewares/Third_Party/FreeRTOS/Source/portable/GCC/ARM_CM7/r0p1 -I../Drivers/BSP/Components/lan8742 -I../Middlewares/Third_Party/LwIP/src/include/netif/ppp -I../Middlewares/Third_Party/LwIP/src/include/lwip -I../Middlewares/Third_Party/LwIP/src/include/lwip/apps -I../Middlewares/Third_Party/LwIP/src/include/lwip/priv -I../Middlewares/Third_Party/LwIP/src/include/lwip/prot -I../Middlewares/Third_Party/LwIP/src/include/netif -I../Middlewares/Third_Party/LwIP/src/include/compat/posix -I../Middlewares/Third_Party/LwIP/src/include/compat/posix/arpa -I../Middlewares/Third_Party/LwIP/src/include/compat/posix/net -I../Middlewares/Third_Party/LwIP/src/include/compat/posix/sys -I../Middlewares/Third_Party/LwIP/src/include/compat/stdc -I../Middlewares/Third_Party/LwIP/system/arch -O0 -ffunction-sections -fdata-sections -Wall -fstack-usage -fcyclomatic-complexity -MMD -MP -MF"Core/Src/freertos.d" -MT"Core/Src/freertos.o" --specs=nano.specs -mfpu=fpv5-d16 -mfloat-abi=hard -mthumb -o "Core/Src/freertos.o"
../Core/Src/freertos.c: In function 'tcp_server':
../Core/Src/freertos.c:259:10: warning: unused variable 'i' [-Wunused-variable]
  259 |     int  i,  new_sock;
      |          ^
../Core/Src/freertos.c: In function 'StartTask03':
../Core/Src/freertos.c:361:24: warning: pointer targets in passing argument 2 of 'analysisErr' differ in signedness [-Wpointer-sign]
  361 |       analysisErr(err, errstr, 30);
      |                        ^~~~~~
      |                        |
      |                        char *
In file included from ../Core/Src/freertos.c:35:
../Core/Inc/services.h:32:43: note: expected 'uint8_t *' {aka 'unsigned char *'} but argument is of type 'char *'
   32 | void analysisErr(errorCode code, uint8_t *buf, int len);
      |                                  ~~~~~~~~~^~~
arm-none-eabi-gcc -o "bootloader.elf" @"objects.list"   -mcpu=cortex-m7 -T"C:\my_workspace\stm32_ws\IAP_boot_lwip\bootloader\STM32F767IGTX_FLASH.ld" --specs=nosys.specs -Wl,-Map="bootloader.map" -Wl,--gc-sections -static --specs=nano.specs -mfpu=fpv5-d16 -mfloat-abi=hard -mthumb -Wl,--start-group -lc -lm -Wl,--end-group
Finished building target: bootloader.elf
 
arm-none-eabi-size  bootloader.elf 
arm-none-eabi-objdump -h -S bootloader.elf  > "bootloader.list"
arm-none-eabi-objcopy  -O ihex bootloader.elf  "bootloader.hex"
arm-none-eabi-objcopy  -O binary bootloader.elf  "bootloader.bin"
   text	   data	    bss	    dec	    hex	filename
 130348	    468	 266676	 397492	  610b4	bootloader.elf
Finished building: default.size.stdout
 
Finished building: bootloader.hex
Finished building: bootloader.bin
 
 
Finished building: bootloader.list
 
16:37:48 **** Incremental Build of configuration Debug for project bootloader ****
make -j16 all 
arm-none-eabi-gcc "../Core/Src/freertos.c" -mcpu=cortex-m7 -std=gnu11 -g3 -DDEBUG -DUSE_HAL_DRIVER -DSTM32F767xx -c -I../Core/Inc -I../Drivers/STM32F7xx_HAL_Driver/Inc -I../Drivers/STM32F7xx_HAL_Driver/Inc/Legacy -I../Drivers/CMSIS/Device/ST/STM32F7xx/Include -I../Drivers/CMSIS/Include -I../LWIP/App -I../LWIP/Target -I../Middlewares/Third_Party/LwIP/src/include -I../Middlewares/Third_Party/LwIP/system -I../Middlewares/Third_Party/FreeRTOS/Source/include -I../Middlewares/Third_Party/FreeRTOS/Source/CMSIS_RTOS -I../Middlewares/Third_Party/FreeRTOS/Source/portable/GCC/ARM_CM7/r0p1 -I../Drivers/BSP/Components/lan8742 -I../Middlewares/Third_Party/LwIP/src/include/netif/ppp -I../Middlewares/Third_Party/LwIP/src/include/lwip -I../Middlewares/Third_Party/LwIP/src/include/lwip/apps -I../Middlewares/Third_Party/LwIP/src/include/lwip/priv -I../Middlewares/Third_Party/LwIP/src/include/lwip/prot -I../Middlewares/Third_Party/LwIP/src/include/netif -I../Middlewares/Third_Party/LwIP/src/include/compat/posix -I../Middlewares/Third_Party/LwIP/src/include/compat/posix/arpa -I../Middlewares/Third_Party/LwIP/src/include/compat/posix/net -I../Middlewares/Third_Party/LwIP/src/include/compat/posix/sys -I../Middlewares/Third_Party/LwIP/src/include/compat/stdc -I../Middlewares/Third_Party/LwIP/system/arch -O0 -ffunction-sections -fdata-sections -Wall -fstack-usage -fcyclomatic-complexity -MMD -MP -MF"Core/Src/freertos.d" -MT"Core/Src/freertos.o" --specs=nano.specs -mfpu=fpv5-d16 -mfloat-abi=hard -mthumb -o "Core/Src/freertos.o"
../Core/Src/freertos.c: In function 'tcp_server':
../Core/Src/freertos.c:259:10: warning: unused variable 'i' [-Wunused-variable]
  259 |     int  i,  new_sock;
      |          ^
../Core/Src/freertos.c: In function 'StartTask03':
../Core/Src/freertos.c:361:24: warning: pointer targets in passing argument 2 of 'analysisErr' differ in signedness [-Wpointer-sign]
  361 |       analysisErr(err, errstr, 30);
      |                        ^~~~~~
      |                        |
      |                        char *
In file included from ../Core/Src/freertos.c:35:
../Core/Inc/services.h:32:43: note: expected 'uint8_t *' {aka 'unsigned char *'} but argument is of type 'char *'
   32 | void analysisErr(errorCode code, uint8_t *buf, int len);
      |                                  ~~~~~~~~~^~~
arm-none-eabi-gcc -o "bootloader.elf" @"objects.list"   -mcpu=cortex-m7 -T"C:\my_workspace\stm32_ws\IAP_boot_lwip\bootloader\STM32F767IGTX_FLASH.ld" --specs=nosys.specs -Wl,-Map="bootloader.map" -Wl,--gc-sections -static --specs=nano.specs -mfpu=fpv5-d16 -mfloat-abi=hard -mthumb -Wl,--start-group -lc -lm -Wl,--end-group
Finished building target: bootloader.elf
 
arm-none-eabi-size  bootloader.elf 
arm-none-eabi-objdump -h -S bootloader.elf  > "bootloader.list"
arm-none-eabi-objcopy  -O ihex bootloader.elf  "bootloader.hex"
arm-none-eabi-objcopy  -O binary bootloader.elf  "bootloader.bin"
   text	   data	    bss	    dec	    hex	filename
 130352	    468	 266676	 397496	  610b8	bootloader.elf
Finished building: default.size.stdout
 
Finished building: bootloader.hex
Finished building: bootloader.bin
 
 
Finished building: bootloader.list
 
16:45:26 **** Incremental Build of configuration Debug for project bootloader ****
make -j16 all 
arm-none-eabi-gcc "../Core/Src/services.c" -mcpu=cortex-m7 -std=gnu11 -g3 -DDEBUG -DUSE_HAL_DRIVER -DSTM32F767xx -c -I../Core/Inc -I../Drivers/STM32F7xx_HAL_Driver/Inc -I../Drivers/STM32F7xx_HAL_Driver/Inc/Legacy -I../Drivers/CMSIS/Device/ST/STM32F7xx/Include -I../Drivers/CMSIS/Include -I../LWIP/App -I../LWIP/Target -I../Middlewares/Third_Party/LwIP/src/include -I../Middlewares/Third_Party/LwIP/system -I../Middlewares/Third_Party/FreeRTOS/Source/include -I../Middlewares/Third_Party/FreeRTOS/Source/CMSIS_RTOS -I../Middlewares/Third_Party/FreeRTOS/Source/portable/GCC/ARM_CM7/r0p1 -I../Drivers/BSP/Components/lan8742 -I../Middlewares/Third_Party/LwIP/src/include/netif/ppp -I../Middlewares/Third_Party/LwIP/src/include/lwip -I../Middlewares/Third_Party/LwIP/src/include/lwip/apps -I../Middlewares/Third_Party/LwIP/src/include/lwip/priv -I../Middlewares/Third_Party/LwIP/src/include/lwip/prot -I../Middlewares/Third_Party/LwIP/src/include/netif -I../Middlewares/Third_Party/LwIP/src/include/compat/posix -I../Middlewares/Third_Party/LwIP/src/include/compat/posix/arpa -I../Middlewares/Third_Party/LwIP/src/include/compat/posix/net -I../Middlewares/Third_Party/LwIP/src/include/compat/posix/sys -I../Middlewares/Third_Party/LwIP/src/include/compat/stdc -I../Middlewares/Third_Party/LwIP/system/arch -O0 -ffunction-sections -fdata-sections -Wall -fstack-usage -fcyclomatic-complexity -MMD -MP -MF"Core/Src/services.d" -MT"Core/Src/services.o" --specs=nano.specs -mfpu=fpv5-d16 -mfloat-abi=hard -mthumb -o "Core/Src/services.o"
../Core/Src/services.c: In function 'requestDownload':
../Core/Src/services.c:79:98: warning: '<<' in boolean context, did you mean '<'? [-Wint-in-bool-context]
   79 |         uint32_t filesize = (uint32_t)( ((uint32_t)(data[0]) && 0x000000FF) | ((uint32_t)(data[1]<<8) && 0x0000FF00)
      |                                                                                          ~~~~~~~~^~~~
../Core/Src/services.c:80:62: warning: '<<' in boolean context, did you mean '<'? [-Wint-in-bool-context]
   80 |                                         | ((uint32_t)(data[2]<<16) && 0x00FF0000) | ((uint32_t)(data[1]<<24) && 0xFF000000) );
      |                                                      ~~~~~~~~^~~~~
../Core/Src/services.c:80:104: warning: '<<' in boolean context, did you mean '<'? [-Wint-in-bool-context]
   80 |                                         | ((uint32_t)(data[2]<<16) && 0x00FF0000) | ((uint32_t)(data[1]<<24) && 0xFF000000) );
      |                                                                                                ~~~~~~~~^~~~~
../Core/Src/services.c:81:9: warning: implicit declaration of function 'printf' [-Wimplicit-function-declaration]
   81 |         printf("34 request download file size: %d\r\n", filesize);
      |         ^~~~~~
../Core/Src/services.c:7:1: note: include '<stdio.h>' or provide a declaration of 'printf'
    6 | #include <string.h>
  +++ |+#include <stdio.h>
    7 | 
../Core/Src/services.c:81:9: warning: incompatible implicit declaration of built-in function 'printf' [-Wbuiltin-declaration-mismatch]
   81 |         printf("34 request download file size: %d\r\n", filesize);
      |         ^~~~~~
../Core/Src/services.c:81:9: note: include '<stdio.h>' or provide a declaration of 'printf'
../Core/Src/services.c:81:49: warning: format '%d' expects argument of type 'int', but argument 2 has type 'uint32_t' {aka 'long unsigned int'} [-Wformat=]
   81 |         printf("34 request download file size: %d\r\n", filesize);
      |                                                ~^       ~~~~~~~~
      |                                                 |       |
      |                                                 int     uint32_t {aka long unsigned int}
      |                                                %ld
../Core/Src/services.c: In function 'transfer':
../Core/Src/services.c:108:97: warning: '<<' in boolean context, did you mean '<'? [-Wint-in-bool-context]
  108 |         uint32_t packnum = (uint32_t)( ((uint32_t)(data[0]) && 0x000000FF) | ((uint32_t)(data[1]<<8) && 0x0000FF00)
      |                                                                                         ~~~~~~~~^~~~
../Core/Src/services.c:109:62: warning: '<<' in boolean context, did you mean '<'? [-Wint-in-bool-context]
  109 |                                         | ((uint32_t)(data[2]<<16) && 0x00FF0000) | ((uint32_t)(data[1]<<24) && 0xFF000000) );
      |                                                      ~~~~~~~~^~~~~
../Core/Src/services.c:109:104: warning: '<<' in boolean context, did you mean '<'? [-Wint-in-bool-context]
  109 |                                         | ((uint32_t)(data[2]<<16) && 0x00FF0000) | ((uint32_t)(data[1]<<24) && 0xFF000000) );
      |                                                                                                ~~~~~~~~^~~~~
../Core/Src/services.c:123:15: warning: incompatible implicit declaration of built-in function 'printf' [-Wbuiltin-declaration-mismatch]
  123 |               printf("Failed  to  send  item  to  the  queue\r\n");
      |               ^~~~~~
../Core/Src/services.c:123:15: note: include '<stdio.h>' or provide a declaration of 'printf'
../Core/Src/services.c:108:18: warning: unused variable 'packnum' [-Wunused-variable]
  108 |         uint32_t packnum = (uint32_t)( ((uint32_t)(data[0]) && 0x000000FF) | ((uint32_t)(data[1]<<8) && 0x0000FF00)
      |                  ^~~~~~~
arm-none-eabi-gcc -o "bootloader.elf" @"objects.list"   -mcpu=cortex-m7 -T"C:\my_workspace\stm32_ws\IAP_boot_lwip\bootloader\STM32F767IGTX_FLASH.ld" --specs=nosys.specs -Wl,-Map="bootloader.map" -Wl,--gc-sections -static --specs=nano.specs -mfpu=fpv5-d16 -mfloat-abi=hard -mthumb -Wl,--start-group -lc -lm -Wl,--end-group
Finished building target: bootloader.elf
 
arm-none-eabi-size  bootloader.elf 
arm-none-eabi-objdump -h -S bootloader.elf  > "bootloader.list"
arm-none-eabi-objcopy  -O ihex bootloader.elf  "bootloader.hex"
arm-none-eabi-objcopy  -O binary bootloader.elf  "bootloader.bin"
   text	   data	    bss	    dec	    hex	filename
 130456	    468	 266676	 397600	  61120	bootloader.elf
Finished building: default.size.stdout
 
Finished building: bootloader.hex
Finished building: bootloader.bin
 
 
Finished building: bootloader.list
 
16:49:10 **** Incremental Build of configuration Debug for project bootloader ****
make -j16 all 
arm-none-eabi-gcc "../Core/Src/freertos.c" -mcpu=cortex-m7 -std=gnu11 -g3 -DDEBUG -DUSE_HAL_DRIVER -DSTM32F767xx -c -I../Core/Inc -I../Drivers/STM32F7xx_HAL_Driver/Inc -I../Drivers/STM32F7xx_HAL_Driver/Inc/Legacy -I../Drivers/CMSIS/Device/ST/STM32F7xx/Include -I../Drivers/CMSIS/Include -I../LWIP/App -I../LWIP/Target -I../Middlewares/Third_Party/LwIP/src/include -I../Middlewares/Third_Party/LwIP/system -I../Middlewares/Third_Party/FreeRTOS/Source/include -I../Middlewares/Third_Party/FreeRTOS/Source/CMSIS_RTOS -I../Middlewares/Third_Party/FreeRTOS/Source/portable/GCC/ARM_CM7/r0p1 -I../Drivers/BSP/Components/lan8742 -I../Middlewares/Third_Party/LwIP/src/include/netif/ppp -I../Middlewares/Third_Party/LwIP/src/include/lwip -I../Middlewares/Third_Party/LwIP/src/include/lwip/apps -I../Middlewares/Third_Party/LwIP/src/include/lwip/priv -I../Middlewares/Third_Party/LwIP/src/include/lwip/prot -I../Middlewares/Third_Party/LwIP/src/include/netif -I../Middlewares/Third_Party/LwIP/src/include/compat/posix -I../Middlewares/Third_Party/LwIP/src/include/compat/posix/arpa -I../Middlewares/Third_Party/LwIP/src/include/compat/posix/net -I../Middlewares/Third_Party/LwIP/src/include/compat/posix/sys -I../Middlewares/Third_Party/LwIP/src/include/compat/stdc -I../Middlewares/Third_Party/LwIP/system/arch -O0 -ffunction-sections -fdata-sections -Wall -fstack-usage -fcyclomatic-complexity -MMD -MP -MF"Core/Src/freertos.d" -MT"Core/Src/freertos.o" --specs=nano.specs -mfpu=fpv5-d16 -mfloat-abi=hard -mthumb -o "Core/Src/freertos.o"
arm-none-eabi-gcc "../Core/Src/iap.c" -mcpu=cortex-m7 -std=gnu11 -g3 -DDEBUG -DUSE_HAL_DRIVER -DSTM32F767xx -c -I../Core/Inc -I../Drivers/STM32F7xx_HAL_Driver/Inc -I../Drivers/STM32F7xx_HAL_Driver/Inc/Legacy -I../Drivers/CMSIS/Device/ST/STM32F7xx/Include -I../Drivers/CMSIS/Include -I../LWIP/App -I../LWIP/Target -I../Middlewares/Third_Party/LwIP/src/include -I../Middlewares/Third_Party/LwIP/system -I../Middlewares/Third_Party/FreeRTOS/Source/include -I../Middlewares/Third_Party/FreeRTOS/Source/CMSIS_RTOS -I../Middlewares/Third_Party/FreeRTOS/Source/portable/GCC/ARM_CM7/r0p1 -I../Drivers/BSP/Components/lan8742 -I../Middlewares/Third_Party/LwIP/src/include/netif/ppp -I../Middlewares/Third_Party/LwIP/src/include/lwip -I../Middlewares/Third_Party/LwIP/src/include/lwip/apps -I../Middlewares/Third_Party/LwIP/src/include/lwip/priv -I../Middlewares/Third_Party/LwIP/src/include/lwip/prot -I../Middlewares/Third_Party/LwIP/src/include/netif -I../Middlewares/Third_Party/LwIP/src/include/compat/posix -I../Middlewares/Third_Party/LwIP/src/include/compat/posix/arpa -I../Middlewares/Third_Party/LwIP/src/include/compat/posix/net -I../Middlewares/Third_Party/LwIP/src/include/compat/posix/sys -I../Middlewares/Third_Party/LwIP/src/include/compat/stdc -I../Middlewares/Third_Party/LwIP/system/arch -O0 -ffunction-sections -fdata-sections -Wall -fstack-usage -fcyclomatic-complexity -MMD -MP -MF"Core/Src/iap.d" -MT"Core/Src/iap.o" --specs=nano.specs -mfpu=fpv5-d16 -mfloat-abi=hard -mthumb -o "Core/Src/iap.o"
arm-none-eabi-gcc "../Core/Src/services.c" -mcpu=cortex-m7 -std=gnu11 -g3 -DDEBUG -DUSE_HAL_DRIVER -DSTM32F767xx -c -I../Core/Inc -I../Drivers/STM32F7xx_HAL_Driver/Inc -I../Drivers/STM32F7xx_HAL_Driver/Inc/Legacy -I../Drivers/CMSIS/Device/ST/STM32F7xx/Include -I../Drivers/CMSIS/Include -I../LWIP/App -I../LWIP/Target -I../Middlewares/Third_Party/LwIP/src/include -I../Middlewares/Third_Party/LwIP/system -I../Middlewares/Third_Party/FreeRTOS/Source/include -I../Middlewares/Third_Party/FreeRTOS/Source/CMSIS_RTOS -I../Middlewares/Third_Party/FreeRTOS/Source/portable/GCC/ARM_CM7/r0p1 -I../Drivers/BSP/Components/lan8742 -I../Middlewares/Third_Party/LwIP/src/include/netif/ppp -I../Middlewares/Third_Party/LwIP/src/include/lwip -I../Middlewares/Third_Party/LwIP/src/include/lwip/apps -I../Middlewares/Third_Party/LwIP/src/include/lwip/priv -I../Middlewares/Third_Party/LwIP/src/include/lwip/prot -I../Middlewares/Third_Party/LwIP/src/include/netif -I../Middlewares/Third_Party/LwIP/src/include/compat/posix -I../Middlewares/Third_Party/LwIP/src/include/compat/posix/arpa -I../Middlewares/Third_Party/LwIP/src/include/compat/posix/net -I../Middlewares/Third_Party/LwIP/src/include/compat/posix/sys -I../Middlewares/Third_Party/LwIP/src/include/compat/stdc -I../Middlewares/Third_Party/LwIP/system/arch -O0 -ffunction-sections -fdata-sections -Wall -fstack-usage -fcyclomatic-complexity -MMD -MP -MF"Core/Src/services.d" -MT"Core/Src/services.o" --specs=nano.specs -mfpu=fpv5-d16 -mfloat-abi=hard -mthumb -o "Core/Src/services.o"
../Core/Src/services.c: In function 'requestDownload':
../Core/Src/services.c:79:98: warning: '<<' in boolean context, did you mean '<'? [-Wint-in-bool-context]
   79 |         uint32_t filesize = (uint32_t)( ((uint32_t)(data[0]) && 0x000000FF) | ((uint32_t)(data[1]<<8) && 0x0000FF00)
      |                                                                                          ~~~~~~~~^~~~
../Core/Src/services.c:80:62: warning: '<<' in boolean context, did you mean '<'? [-Wint-in-bool-context]
   80 |                                         | ((uint32_t)(data[2]<<16) && 0x00FF0000) | ((uint32_t)(data[1]<<24) && 0xFF000000) );
      |                                                      ~~~~~~~~^~~~~
../Core/Src/services.c:80:104: warning: '<<' in boolean context, did you mean '<'? [-Wint-in-bool-context]
   80 |                                         | ((uint32_t)(data[2]<<16) && 0x00FF0000) | ((uint32_t)(data[1]<<24) && 0xFF000000) );
      |                                                                                                ~~~~~~~~^~~~~
../Core/Src/services.c:81:9: warning: implicit declaration of function 'printf' [-Wimplicit-function-declaration]
   81 |         printf("34 request download file size: %d\r\n", filesize);
      |         ^~~~~~
../Core/Src/services.c:7:1: note: include '<stdio.h>' or provide a declaration of 'printf'
    6 | #include <string.h>
  +++ |+#include <stdio.h>
    7 | 
[...]
../Core/Src/freertos.c:391:24: warning: pointer targets in passing argument 2 of 'analysisErr' differ in signedness [-Wpointer-sign]
  391 |       analysisErr(err, errstr, 30);
      |                        ^~~~~~
      |                        |
      |                        char *
In file included from ../Core/Src/freertos.c:35:
../Core/Inc/services.h:32:43: note: expected 'uint8_t *' {aka 'unsigned char *'} but argument is of type 'char *'
   32 | void analysisErr(errorCode code, uint8_t *buf, int len);
      |                                  ~~~~~~~~~^~~
arm-none-eabi-gcc -o "bootloader.elf" @"objects.list"   -mcpu=cortex-m7 -T"C:\my_workspace\stm32_ws\IAP_boot_lwip\bootloader\STM32F767IGTX_FLASH.ld" --specs=nosys.specs -Wl,-Map="bootloader.map" -Wl,--gc-sections -static --specs=nano.specs -mfpu=fpv5-d16 -mfloat-abi=hard -mthumb -Wl,--start-group -lc -lm -Wl,--end-group
Finished building target: bootloader.elf
 
arm-none-eabi-size  bootloader.elf 
arm-none-eabi-objdump -h -S bootloader.elf  > "bootloader.list"
arm-none-eabi-objcopy  -O ihex bootloader.elf  "bootloader.hex"
arm-none-eabi-objcopy  -O binary bootloader.elf  "bootloader.bin"
   text	   data	    bss	    dec	    hex	filename
 130956	    468	 266684	 398108	  6131c	bootloader.elf
Finished building: default.size.stdout
 
Finished building: bootloader.hex
Finished building: bootloader.bin
 
 
Finished building: bootloader.list
 
23:17:34 **** Incremental Build of configuration Debug for project bootloader ****
make -j16 all 
arm-none-eabi-gcc "../Core/Src/services.c" -mcpu=cortex-m7 -std=gnu11 -g3 -DDEBUG -DUSE_HAL_DRIVER -DSTM32F767xx -c -I../Core/Inc -I../Drivers/STM32F7xx_HAL_Driver/Inc -I../Drivers/STM32F7xx_HAL_Driver/Inc/Legacy -I../Drivers/CMSIS/Device/ST/STM32F7xx/Include -I../Drivers/CMSIS/Include -I../LWIP/App -I../LWIP/Target -I../Middlewares/Third_Party/LwIP/src/include -I../Middlewares/Third_Party/LwIP/system -I../Middlewares/Third_Party/FreeRTOS/Source/include -I../Middlewares/Third_Party/FreeRTOS/Source/CMSIS_RTOS -I../Middlewares/Third_Party/FreeRTOS/Source/portable/GCC/ARM_CM7/r0p1 -I../Drivers/BSP/Components/lan8742 -I../Middlewares/Third_Party/LwIP/src/include/netif/ppp -I../Middlewares/Third_Party/LwIP/src/include/lwip -I../Middlewares/Third_Party/LwIP/src/include/lwip/apps -I../Middlewares/Third_Party/LwIP/src/include/lwip/priv -I../Middlewares/Third_Party/LwIP/src/include/lwip/prot -I../Middlewares/Third_Party/LwIP/src/include/netif -I../Middlewares/Third_Party/LwIP/src/include/compat/posix -I../Middlewares/Third_Party/LwIP/src/include/compat/posix/arpa -I../Middlewares/Third_Party/LwIP/src/include/compat/posix/net -I../Middlewares/Third_Party/LwIP/src/include/compat/posix/sys -I../Middlewares/Third_Party/LwIP/src/include/compat/stdc -I../Middlewares/Third_Party/LwIP/system/arch -O0 -ffunction-sections -fdata-sections -Wall -fstack-usage -fcyclomatic-complexity -MMD -MP -MF"Core/Src/services.d" -MT"Core/Src/services.o" --specs=nano.specs -mfpu=fpv5-d16 -mfloat-abi=hard -mthumb -o "Core/Src/services.o"
../Core/Src/services.c: In function 'diagControl':
../Core/Src/services.c:60:9: warning: implicit declaration of function 'printf' [-Wimplicit-function-declaration]
   60 |         printf("enter into program session\r\n");
      |         ^~~~~~
../Core/Src/services.c:7:1: note: include '<stdio.h>' or provide a declaration of 'printf'
    6 | #include <string.h>
  +++ |+#include <stdio.h>
    7 | 
../Core/Src/services.c:60:9: warning: incompatible implicit declaration of built-in function 'printf' [-Wbuiltin-declaration-mismatch]
   60 |         printf("enter into program session\r\n");
      |         ^~~~~~
../Core/Src/services.c:60:9: note: include '<stdio.h>' or provide a declaration of 'printf'
../Core/Src/services.c: In function 'requestDownload':
../Core/Src/services.c:88:9: warning: incompatible implicit declaration of built-in function 'printf' [-Wbuiltin-declaration-mismatch]
   88 |         printf("34 request download file size: %d\r\n", filesize);
      |         ^~~~~~
../Core/Src/services.c:88:9: note: include '<stdio.h>' or provide a declaration of 'printf'
../Core/Src/services.c:88:49: warning: format '%d' expects argument of type 'int', but argument 2 has type 'uint32_t' {aka 'long unsigned int'} [-Wformat=]
   88 |         printf("34 request download file size: %d\r\n", filesize);
      |                                                ~^       ~~~~~~~~
      |                                                 |       |
      |                                                 int     uint32_t {aka long unsigned int}
      |                                                %ld
../Core/Src/services.c: In function 'transfer':
../Core/Src/services.c:118:9: warning: incompatible implicit declaration of built-in function 'printf' [-Wbuiltin-declaration-mismatch]
  118 |         printf("receive NO.%d pack\r\n", packnum);
      |         ^~~~~~
../Core/Src/services.c:118:9: note: include '<stdio.h>' or provide a declaration of 'printf'
../Core/Src/services.c:118:29: warning: format '%d' expects argument of type 'int', but argument 2 has type 'uint32_t' {aka 'long unsigned int'} [-Wformat=]
  118 |         printf("receive NO.%d pack\r\n", packnum);
      |                            ~^            ~~~~~~~
      |                             |            |
      |                             int          uint32_t {aka long unsigned int}
      |                            %ld
../Core/Src/services.c: In function 'transferExit':
../Core/Src/services.c:167:9: warning: incompatible implicit declaration of built-in function 'printf' [-Wbuiltin-declaration-mismatch]
  167 |         printf("transfer over\r\n");
      |         ^~~~~~
../Core/Src/services.c:167:9: note: include '<stdio.h>' or provide a declaration of 'printf'
arm-none-eabi-gcc -o "bootloader.elf" @"objects.list"   -mcpu=cortex-m7 -T"C:\my_workspace\stm32_ws\IAP_boot_lwip\bootloader\STM32F767IGTX_FLASH.ld" --specs=nosys.specs -Wl,-Map="bootloader.map" -Wl,--gc-sections -static --specs=nano.specs -mfpu=fpv5-d16 -mfloat-abi=hard -mthumb -Wl,--start-group -lc -lm -Wl,--end-group
Finished building target: bootloader.elf
 
arm-none-eabi-size  bootloader.elf 
arm-none-eabi-objdump -h -S bootloader.elf  > "bootloader.list"
arm-none-eabi-objcopy  -O ihex bootloader.elf  "bootloader.hex"
arm-none-eabi-objcopy  -O binary bootloader.elf  "bootloader.bin"
   text	   data	    bss	    dec	    hex	filename
 131008	    468	 266684	 398160	  61350	bootloader.elf
Finished building: default.size.stdout
 
Finished building: bootloader.hex
Finished building: bootloader.bin
 
 
Finished building: bootloader.list
 
14:20:47 **** Incremental Build of configuration Debug for project bootloader ****
make -j16 all 
arm-none-eabi-gcc "../Core/Src/freertos.c" -mcpu=cortex-m7 -std=gnu11 -g3 -DDEBUG -DUSE_HAL_DRIVER -DSTM32F767xx -c -I../Core/Inc -I../Drivers/STM32F7xx_HAL_Driver/Inc -I../Drivers/STM32F7xx_HAL_Driver/Inc/Legacy -I../Drivers/CMSIS/Device/ST/STM32F7xx/Include -I../Drivers/CMSIS/Include -I../LWIP/App -I../LWIP/Target -I../Middlewares/Third_Party/LwIP/src/include -I../Middlewares/Third_Party/LwIP/system -I../Middlewares/Third_Party/FreeRTOS/Source/include -I../Middlewares/Third_Party/FreeRTOS/Source/CMSIS_RTOS -I../Middlewares/Third_Party/FreeRTOS/Source/portable/GCC/ARM_CM7/r0p1 -I../Drivers/BSP/Components/lan8742 -I../Middlewares/Third_Party/LwIP/src/include/netif/ppp -I../Middlewares/Third_Party/LwIP/src/include/lwip -I../Middlewares/Third_Party/LwIP/src/include/lwip/apps -I../Middlewares/Third_Party/LwIP/src/include/lwip/priv -I../Middlewares/Third_Party/LwIP/src/include/lwip/prot -I../Middlewares/Third_Party/LwIP/src/include/netif -I../Middlewares/Third_Party/LwIP/src/include/compat/posix -I../Middlewares/Third_Party/LwIP/src/include/compat/posix/arpa -I../Middlewares/Third_Party/LwIP/src/include/compat/posix/net -I../Middlewares/Third_Party/LwIP/src/include/compat/posix/sys -I../Middlewares/Third_Party/LwIP/src/include/compat/stdc -I../Middlewares/Third_Party/LwIP/system/arch -O0 -ffunction-sections -fdata-sections -Wall -fstack-usage -fcyclomatic-complexity -MMD -MP -MF"Core/Src/freertos.d" -MT"Core/Src/freertos.o" --specs=nano.specs -mfpu=fpv5-d16 -mfloat-abi=hard -mthumb -o "Core/Src/freertos.o"
arm-none-eabi-gcc "../Core/Src/iap.c" -mcpu=cortex-m7 -std=gnu11 -g3 -DDEBUG -DUSE_HAL_DRIVER -DSTM32F767xx -c -I../Core/Inc -I../Drivers/STM32F7xx_HAL_Driver/Inc -I../Drivers/STM32F7xx_HAL_Driver/Inc/Legacy -I../Drivers/CMSIS/Device/ST/STM32F7xx/Include -I../Drivers/CMSIS/Include -I../LWIP/App -I../LWIP/Target -I../Middlewares/Third_Party/LwIP/src/include -I../Middlewares/Third_Party/LwIP/system -I../Middlewares/Third_Party/FreeRTOS/Source/include -I../Middlewares/Third_Party/FreeRTOS/Source/CMSIS_RTOS -I../Middlewares/Third_Party/FreeRTOS/Source/portable/GCC/ARM_CM7/r0p1 -I../Drivers/BSP/Components/lan8742 -I../Middlewares/Third_Party/LwIP/src/include/netif/ppp -I../Middlewares/Third_Party/LwIP/src/include/lwip -I../Middlewares/Third_Party/LwIP/src/include/lwip/apps -I../Middlewares/Third_Party/LwIP/src/include/lwip/priv -I../Middlewares/Third_Party/LwIP/src/include/lwip/prot -I../Middlewares/Third_Party/LwIP/src/include/netif -I../Middlewares/Third_Party/LwIP/src/include/compat/posix -I../Middlewares/Third_Party/LwIP/src/include/compat/posix/arpa -I../Middlewares/Third_Party/LwIP/src/include/compat/posix/net -I../Middlewares/Third_Party/LwIP/src/include/compat/posix/sys -I../Middlewares/Third_Party/LwIP/src/include/compat/stdc -I../Middlewares/Third_Party/LwIP/system/arch -O0 -ffunction-sections -fdata-sections -Wall -fstack-usage -fcyclomatic-complexity -MMD -MP -MF"Core/Src/iap.d" -MT"Core/Src/iap.o" --specs=nano.specs -mfpu=fpv5-d16 -mfloat-abi=hard -mthumb -o "Core/Src/iap.o"
arm-none-eabi-gcc "../Core/Src/main.c" -mcpu=cortex-m7 -std=gnu11 -g3 -DDEBUG -DUSE_HAL_DRIVER -DSTM32F767xx -c -I../Core/Inc -I../Drivers/STM32F7xx_HAL_Driver/Inc -I../Drivers/STM32F7xx_HAL_Driver/Inc/Legacy -I../Drivers/CMSIS/Device/ST/STM32F7xx/Include -I../Drivers/CMSIS/Include -I../LWIP/App -I../LWIP/Target -I../Middlewares/Third_Party/LwIP/src/include -I../Middlewares/Third_Party/LwIP/system -I../Middlewares/Third_Party/FreeRTOS/Source/include -I../Middlewares/Third_Party/FreeRTOS/Source/CMSIS_RTOS -I../Middlewares/Third_Party/FreeRTOS/Source/portable/GCC/ARM_CM7/r0p1 -I../Drivers/BSP/Components/lan8742 -I../Middlewares/Third_Party/LwIP/src/include/netif/ppp -I../Middlewares/Third_Party/LwIP/src/include/lwip -I../Middlewares/Third_Party/LwIP/src/include/lwip/apps -I../Middlewares/Third_Party/LwIP/src/include/lwip/priv -I../Middlewares/Third_Party/LwIP/src/include/lwip/prot -I../Middlewares/Third_Party/LwIP/src/include/netif -I../Middlewares/Third_Party/LwIP/src/include/compat/posix -I../Middlewares/Third_Party/LwIP/src/include/compat/posix/arpa -I../Middlewares/Third_Party/LwIP/src/include/compat/posix/net -I../Middlewares/Third_Party/LwIP/src/include/compat/posix/sys -I../Middlewares/Third_Party/LwIP/src/include/compat/stdc -I../Middlewares/Third_Party/LwIP/system/arch -O0 -ffunction-sections -fdata-sections -Wall -fstack-usage -fcyclomatic-complexity -MMD -MP -MF"Core/Src/main.d" -MT"Core/Src/main.o" --specs=nano.specs -mfpu=fpv5-d16 -mfloat-abi=hard -mthumb -o "Core/Src/main.o"
arm-none-eabi-gcc "../Core/Src/myiic.c" -mcpu=cortex-m7 -std=gnu11 -g3 -DDEBUG -DUSE_HAL_DRIVER -DSTM32F767xx -c -I../Core/Inc -I../Drivers/STM32F7xx_HAL_Driver/Inc -I../Drivers/STM32F7xx_HAL_Driver/Inc/Legacy -I../Drivers/CMSIS/Device/ST/STM32F7xx/Include -I../Drivers/CMSIS/Include -I../LWIP/App -I../LWIP/Target -I../Middlewares/Third_Party/LwIP/src/include -I../Middlewares/Third_Party/LwIP/system -I../Middlewares/Third_Party/FreeRTOS/Source/include -I../Middlewares/Third_Party/FreeRTOS/Source/CMSIS_RTOS -I../Middlewares/Third_Party/FreeRTOS/Source/portable/GCC/ARM_CM7/r0p1 -I../Drivers/BSP/Components/lan8742 -I../Middlewares/Third_Party/LwIP/src/include/netif/ppp -I../Middlewares/Third_Party/LwIP/src/include/lwip -I../Middlewares/Third_Party/LwIP/src/include/lwip/apps -I../Middlewares/Third_Party/LwIP/src/include/lwip/priv -I../Middlewares/Third_Party/LwIP/src/include/lwip/prot -I../Middlewares/Third_Party/LwIP/src/include/netif -I../Middlewares/Third_Party/LwIP/src/include/compat/posix -I../Middlewares/Third_Party/LwIP/src/include/compat/posix/arpa -I../Middlewares/Third_Party/LwIP/src/include/compat/posix/net -I../Middlewares/Third_Party/LwIP/src/include/compat/posix/sys -I../Middlewares/Third_Party/LwIP/src/include/compat/stdc -I../Middlewares/Third_Party/LwIP/system/arch -O0 -ffunction-sections -fdata-sections -Wall -fstack-usage -fcyclomatic-complexity -MMD -MP -MF"Core/Src/myiic.d" -MT"Core/Src/myiic.o" --specs=nano.specs -mfpu=fpv5-d16 -mfloat-abi=hard -mthumb -o "Core/Src/myiic.o"
arm-none-eabi-gcc "../Core/Src/pcf8574.c" -mcpu=cortex-m7 -std=gnu11 -g3 -DDEBUG -DUSE_HAL_DRIVER -DSTM32F767xx -c -I../Core/Inc -I../Drivers/STM32F7xx_HAL_Driver/Inc -I../Drivers/STM32F7xx_HAL_Driver/Inc/Legacy -I../Drivers/CMSIS/Device/ST/STM32F7xx/Include -I../Drivers/CMSIS/Include -I../LWIP/App -I../LWIP/Target -I../Middlewares/Third_Party/LwIP/src/include -I../Middlewares/Third_Party/LwIP/system -I../Middlewares/Third_Party/FreeRTOS/Source/include -I../Middlewares/Third_Party/FreeRTOS/Source/CMSIS_RTOS -I../Middlewares/Third_Party/FreeRTOS/Source/portable/GCC/ARM_CM7/r0p1 -I../Drivers/BSP/Components/lan8742 -I../Middlewares/Third_Party/LwIP/src/include/netif/ppp -I../Middlewares/Third_Party/LwIP/src/include/lwip -I../Middlewares/Third_Party/LwIP/src/include/lwip/apps -I../Middlewares/Third_Party/LwIP/src/include/lwip/priv -I../Middlewares/Third_Party/LwIP/src/include/lwip/prot -I../Middlewares/Third_Party/LwIP/src/include/netif -I../Middlewares/Third_Party/LwIP/src/include/compat/posix -I../Middlewares/Third_Party/LwIP/src/include/compat/posix/arpa -I../Middlewares/Third_Party/LwIP/src/include/compat/posix/net -I../Middlewares/Third_Party/LwIP/src/include/compat/posix/sys -I../Middlewares/Third_Party/LwIP/src/include/compat/stdc -I../Middlewares/Third_Party/LwIP/system/arch -O0 -ffunction-sections -fdata-sections -Wall -fstack-usage -fcyclomatic-complexity -MMD -MP -MF"Core/Src/pcf8574.d" -MT"Core/Src/pcf8574.o" --specs=nano.specs -mfpu=fpv5-d16 -mfloat-abi=hard -mthumb -o "Core/Src/pcf8574.o"
arm-none-eabi-gcc "../Core/Src/quadspi.c" -mcpu=cortex-m7 -std=gnu11 -g3 -DDEBUG -DUSE_HAL_DRIVER -DSTM32F767xx -c -I../Core/Inc -I../Drivers/STM32F7xx_HAL_Driver/Inc -I../Drivers/STM32F7xx_HAL_Driver/Inc/Legacy -I../Drivers/CMSIS/Device/ST/STM32F7xx/Include -I../Drivers/CMSIS/Include -I../LWIP/App -I../LWIP/Target -I../Middlewares/Third_Party/LwIP/src/include -I../Middlewares/Third_Party/LwIP/system -I../Middlewares/Third_Party/FreeRTOS/Source/include -I../Middlewares/Third_Party/FreeRTOS/Source/CMSIS_RTOS -I../Middlewares/Third_Party/FreeRTOS/Source/portable/GCC/ARM_CM7/r0p1 -I../Drivers/BSP/Components/lan8742 -I../Middlewares/Third_Party/LwIP/src/include/netif/ppp -I../Middlewares/Third_Party/LwIP/src/include/lwip -I../Middlewares/Third_Party/LwIP/src/include/lwip/apps -I../Middlewares/Third_Party/LwIP/src/include/lwip/priv -I../Middlewares/Third_Party/LwIP/src/include/lwip/prot -I../Middlewares/Third_Party/LwIP/src/include/netif -I../Middlewares/Third_Party/LwIP/src/include/compat/posix -I../Middlewares/Third_Party/LwIP/src/include/compat/posix/arpa -I../Middlewares/Third_Party/LwIP/src/include/compat/posix/net -I../Middlewares/Third_Party/LwIP/src/include/compat/posix/sys -I../Middlewares/Third_Party/LwIP/src/include/compat/stdc -I../Middlewares/Third_Party/LwIP/system/arch -O0 -ffunction-sections -fdata-sections -Wall -fstack-usage -fcyclomatic-complexity -MMD -MP -MF"Core/Src/quadspi.d" -MT"Core/Src/quadspi.o" --specs=nano.specs -mfpu=fpv5-d16 -mfloat-abi=hard -mthumb -o "Core/Src/quadspi.o"
arm-none-eabi-gcc "../Core/Src/w25q256.c" -mcpu=cortex-m7 -std=gnu11 -g3 -DDEBUG -DUSE_HAL_DRIVER -DSTM32F767xx -c -I../Core/Inc -I../Drivers/STM32F7xx_HAL_Driver/Inc -I../Drivers/STM32F7xx_HAL_Driver/Inc/Legacy -I../Drivers/CMSIS/Device/ST/STM32F7xx/Include -I../Drivers/CMSIS/Include -I../LWIP/App -I../LWIP/Target -I../Middlewares/Third_Party/LwIP/src/include -I../Middlewares/Third_Party/LwIP/system -I../Middlewares/Third_Party/FreeRTOS/Source/include -I../Middlewares/Third_Party/FreeRTOS/Source/CMSIS_RTOS -I../Middlewares/Third_Party/FreeRTOS/Source/portable/GCC/ARM_CM7/r0p1 -I../Drivers/BSP/Components/lan8742 -I../Middlewares/Third_Party/LwIP/src/include/netif/ppp -I../Middlewares/Third_Party/LwIP/src/include/lwip -I../Middlewares/Third_Party/LwIP/src/include/lwip/apps -I../Middlewares/Third_Party/LwIP/src/include/lwip/priv -I../Middlewares/Third_Party/LwIP/src/include/lwip/prot -I../Middlewares/Third_Party/LwIP/src/include/netif -I../Middlewares/Third_Party/LwIP/src/include/compat/posix -I../Middlewares/Third_Party/LwIP/src/include/compat/posix/arpa -I../Middlewares/Third_Party/LwIP/src/include/compat/posix/net -I../Middlewares/Third_Party/LwIP/src/include/compat/posix/sys -I../Middlewares/Third_Party/LwIP/src/include/compat/stdc -I../Middlewares/Third_Party/LwIP/system/arch -O0 -ffunction-sections -fdata-sections -Wall -fstack-usage -fcyclomatic-complexity -MMD -MP -MF"Core/Src/w25q256.d" -MT"Core/Src/w25q256.o" --specs=nano.specs -mfpu=fpv5-d16 -mfloat-abi=hard -mthumb -o "Core/Src/w25q256.o"
../Core/Src/iap.c: In function 'flash_write':
../Core/Src/iap.c:149:9: warning: 'return' with no value, in function returning non-void [-Wreturn-type]
  149 |         return;
      |         ^~~~~~
../Core/Src/iap.c:103:10: note: declared here
  103 | uint32_t flash_write(u32 addr, u8 *buf, u32 sz){
      |          ^~~~~~~~~~~
../Core/Src/freertos.c: In function 'StartTask02':
../Core/Src/freertos.c:216:29: warning: format '%d' expects argument of type 'int', but argument 2 has type 'uint32_t' {aka 'long unsigned int'} [-Wformat=]
  216 |   printf("first flashaddr: %d\r\n", flashAddr);
      |                            ~^       ~~~~~~~~~
      |                             |       |
      |                             int     uint32_t {aka long unsigned int}
      |                            %ld
../Core/Src/freertos.c: In function 'tcp_server':
../Core/Src/freertos.c:266:5: warning: statement with no effect [-Wunused-value]
  266 |     server_socket;
      |     ^~~~~~~~~~~~~
../Core/Src/freertos.c:269:10: warning: unused variable 'i' [-Wunused-variable]
  269 |     int  i,  new_sock;
      |          ^
../Core/Src/freertos.c: In function 'StartTask03':
../Core/Src/freertos.c:391:24: warning: pointer targets in passing argument 2 of 'analysisErr' differ in signedness [-Wpointer-sign]
  391 |       analysisErr(err, errstr, 30);
      |                        ^~~~~~
      |                        |
      |                        char *
In file included from ../Core/Src/freertos.c:35:
../Core/Inc/services.h:32:43: note: expected 'uint8_t *' {aka 'unsigned char *'} but argument is of type 'char *'
   32 | void analysisErr(errorCode code, uint8_t *buf, int len);
      |                                  ~~~~~~~~~^~~
arm-none-eabi-gcc -o "bootloader.elf" @"objects.list"   -mcpu=cortex-m7 -T"C:\my_workspace\stm32_ws\IAP_boot_lwip\bootloader\STM32F767IGTX_FLASH.ld" --specs=nosys.specs -Wl,-Map="bootloader.map" -Wl,--gc-sections -static --specs=nano.specs -mfpu=fpv5-d16 -mfloat-abi=hard -mthumb -Wl,--start-group -lc -lm -Wl,--end-group
Finished building target: bootloader.elf
 
arm-none-eabi-size  bootloader.elf 
arm-none-eabi-objdump -h -S bootloader.elf  > "bootloader.list"
arm-none-eabi-objcopy  -O ihex bootloader.elf  "bootloader.hex"
arm-none-eabi-objcopy  -O binary bootloader.elf  "bootloader.bin"
   text	   data	    bss	    dec	    hex	filename
 131008	    468	 266684	 398160	  61350	bootloader.elf
Finished building: default.size.stdout
 
Finished building: bootloader.hex
Finished building: bootloader.bin
 
 
Finished building: bootloader.list
 
